Cycle25/Numerator/ActualBin.lean:85:4: warning: Try this: 
  letI̵

The goal is a proposition, so `let` is preferred over `letI`.
The difference between `let` and `letI` is that `letI` inlines the value.
But this is not relevant for proofs because of proof irrelevance.

Note: This linter can be disabled with `set_option linter.style.haveILetI false`
Cycle25/Numerator/ActualBin.lean:31:22: warning: Variable name `hfirst` is not explicitly referenced.

Hint: The binding can be removed (if unused) or named `_` (if used implicitly). Alternatively, prefix the name with `_` to silence this warning:
  [apply] _hfirst

Note: This linter can be disabled with `set_option linter.unusedVariables false`
Cycle25/Numerator/ActualBin.lean:33:7: warning: Variable name `hdis` is not explicitly referenced.

Hint: The binding can be removed (if unused) or named `_` (if used implicitly). Alternatively, prefix the name with `_` to silence this warning:
  [apply] _hdis

Note: This linter can be disabled with `set_option linter.unusedVariables false`
Cycle25/Numerator/ActualBin.lean:34:7: warning: Variable name `hη` is not explicitly referenced.

Hint: The binding can be removed (if unused) or named `_` (if used implicitly). Alternatively, prefix the name with `_` to silence this warning:
  [apply] _hη

Note: This linter can be disabled with `set_option linter.unusedVariables false`
Cycle25/Numerator/ActualBin.lean:35:7: warning: Variable name `Pbase` is not explicitly referenced.

Hint: The binding can be removed (if unused) or named `_` (if used implicitly). Alternatively, prefix the name with `_` to silence this warning:
  [apply] _Pbase

Note: This linter can be disabled with `set_option linter.unusedVariables false`
