'QRH.theta_pos' depends on axioms: [propext, Classical.choice, Quot.sound]
'QRH.theta_lt_seven_eighths' depends on axioms: [propext, Classical.choice, Quot.sound]
'QRH.improvement' depends on axioms: [propext, Classical.choice, Quot.sound]
'QRH.ell_value' depends on axioms: [propext, Classical.choice, Quot.sound]
'QRH.kappa0_value' depends on axioms: [propext, Classical.choice, Quot.sound]
'QRH.geometry_identities' depends on axioms: [propext, Classical.choice, Quot.sound]
'QRH.C_formula' depends on axioms: [propext, Classical.choice, Quot.sound]
'QRH.geometry_ledger' depends on axioms: [propext, Classical.choice, Quot.sound]
'QRH.dynamic_kappa' depends on axioms: [propext, Classical.choice, Quot.sound]
'QRH.old_moment_range_insufficient' depends on axioms: [propext, Classical.choice, Quot.sound]
'QRH.plain_centering' depends on axioms: [propext, Classical.choice, Quot.sound]
'QRH.plain_slot_budget' depends on axioms: [propext, Classical.choice, Quot.sound]
'QRH.low_energy' depends on axioms: [propext, Classical.choice, Quot.sound]
'QRH.dynamic_capacity_loss' depends on axioms: [propext, Classical.choice, Quot.sound]
'QRH.dynamic_capacity_strict_slack' depends on axioms: [propext, Classical.choice, Quot.sound]
'QRH.Certificate.Av_pos' depends on axioms: [propext, Classical.choice, Quot.sound]
'QRH.Certificate.Dv_margin' depends on axioms: [propext, Classical.choice, Quot.sound]
'QRH.Certificate.square_identity' depends on axioms: [propext, Classical.choice, Quot.sound]
'QRH.Certificate.near_margin' depends on axioms: [propext, Classical.choice, Quot.sound]
'QRH.Certificate.bernstein_identity_0' depends on axioms: [propext, Classical.choice, Quot.sound]
'QRH.Certificate.bernstein_margin_0' depends on axioms: [propext, Classical.choice, Quot.sound]
'QRH.Certificate.bernstein_identity_1' depends on axioms: [propext, Classical.choice, Quot.sound]
'QRH.Certificate.bernstein_margin_1' depends on axioms: [propext, Classical.choice, Quot.sound]
'QRH.Certificate.continuous_margin' depends on axioms: [propext, Classical.choice, Quot.sound]
'QRH.Certificate.denominator_bounds' depends on axioms: [propext, Classical.choice, Quot.sound]
'QRH.Certificate.F_E_identity' depends on axioms: [propext, Classical.choice, Quot.sound]
'QRH.Certificate.endpoint_saving' depends on axioms: [propext, Classical.choice, Quot.sound]
'QRH.Certificate.post_extension_saving' depends on axioms: [propext, Classical.choice, Quot.sound]
'QRH.boundary_of_uniform_drop' depends on axioms: [propext, Classical.choice, Quot.sound]
'QRH.continuation_parameters' depends on axioms: [propext, Classical.choice, Quot.sound]
'QRH.endpoint_is_manuscript' depends on axioms: [propext, Classical.choice, Quot.sound]
'QRH.exponent_mono_amplitude' depends on axioms: [propext, Classical.choice, Quot.sound]
'QRH.floor_saving' depends on axioms: [propext, Classical.choice, Quot.sound]
'QRH.short_formula' depends on axioms: [propext, Classical.choice, Quot.sound]
'QRH.large_formula' depends on axioms: [propext, Classical.choice, Quot.sound]
'QRH.short_saving' depends on axioms: [propext, Classical.choice, Quot.sound]
'QRH.large_saving' depends on axioms: [propext, Classical.choice, Quot.sound]
'QRH.small_row_saving' depends on axioms: [propext, Classical.choice, Quot.sound]
'QRH.unbounded_tail_saving' depends on axioms: [propext, Classical.choice, Quot.sound]
'QRH.Certificate.DP_bounds' depends on axioms: [propext, Classical.choice, Quot.sound]
'QRH.Certificate.witness_range' depends on axioms: [propext, Classical.choice, Quot.sound]
'QRH.Certificate.crossing_identity' depends on axioms: [propext, Classical.choice, Quot.sound]
'QRH.Certificate.balanced_counts' depends on axioms: [propext, Classical.choice, Quot.sound]
