WAIT QRH.Energy.ReferenceState : OAI.NumberTheory.DirichletL.Energy.ReferenceState
WAIT QRH.Energy.ReferenceState : OAI.NumberTheory.DirichletL.Energy.ReferenceState
WAIT QRH.Energy.ReferenceState : OAI.NumberTheory.DirichletL.Energy.ReferenceState
WAIT QRH.Energy.ReferenceState : OAI.NumberTheory.DirichletL.Energy.ReferenceState
WAIT QRH.Energy.ReferenceState : OAI.NumberTheory.DirichletL.Energy.ReferenceState
WAIT QRH.Energy.ReferenceState : OAI.NumberTheory.DirichletL.Energy.ReferenceState
WAIT QRH.Energy.ReferenceState : OAI.NumberTheory.DirichletL.Energy.ReferenceState
WAIT QRH.Energy.ReferenceState : OAI.NumberTheory.DirichletL.Energy.ReferenceState
WAIT QRH.Energy.ReferenceState : OAI.NumberTheory.DirichletL.Energy.ReferenceState
WAIT QRH.Energy.ReferenceState : OAI.NumberTheory.DirichletL.Energy.ReferenceState
WAIT QRH.Energy.ReferenceState : OAI.NumberTheory.DirichletL.Energy.ReferenceState
WAIT QRH.Energy.ReferenceState : OAI.NumberTheory.DirichletL.Energy.ReferenceState
WAIT QRH.Energy.ReferenceState : OAI.NumberTheory.DirichletL.Energy.ReferenceState
WAIT QRH.Energy.ReferenceState : OAI.NumberTheory.DirichletL.Energy.ReferenceState
WAIT QRH.Energy.ReferenceState : OAI.NumberTheory.DirichletL.Energy.ReferenceState
WAIT QRH.Energy.ReferenceState : OAI.NumberTheory.DirichletL.Energy.ReferenceState
WAIT QRH.Energy.ReferenceState : OAI.NumberTheory.DirichletL.Energy.ReferenceState
WAIT QRH.Energy.ReferenceState : OAI.NumberTheory.DirichletL.Energy.ReferenceState
WAIT QRH.Energy.ReferenceState : OAI.NumberTheory.DirichletL.Energy.ReferenceState
WAIT QRH.Energy.ReferenceState : OAI.NumberTheory.DirichletL.Energy.ReferenceState
WAIT QRH.Energy.ReferenceState : OAI.NumberTheory.DirichletL.Energy.ReferenceState
WAIT QRH.Energy.ReferenceState : OAI.NumberTheory.DirichletL.Energy.ReferenceState
WAIT QRH.Energy.ReferenceState : OAI.NumberTheory.DirichletL.Energy.ReferenceState
WAIT QRH.Energy.ReferenceState : OAI.NumberTheory.DirichletL.Energy.ReferenceState
WAIT QRH.Energy.ReferenceState : OAI.NumberTheory.DirichletL.Energy.ReferenceState
WAIT QRH.Energy.ReferenceState : OAI.NumberTheory.DirichletL.Energy.ReferenceState
WAIT QRH.Energy.ReferenceState : OAI.NumberTheory.DirichletL.Energy.ReferenceState
WAIT QRH.Energy.ReferenceState : OAI.NumberTheory.DirichletL.Energy.ReferenceState
WAIT QRH.Energy.ReferenceState : OAI.NumberTheory.DirichletL.Energy.ReferenceState
WAIT QRH.Energy.ReferenceState : OAI.NumberTheory.DirichletL.Energy.ReferenceState
WAIT QRH.Energy.ReferenceState : OAI.NumberTheory.DirichletL.Energy.ReferenceState
WAIT QRH.Energy.ReferenceState : OAI.NumberTheory.DirichletL.Energy.ReferenceState
CHECKED QRH.Energy.ReferenceState
WAIT QRH.Energy.ReferenceDeletionCapacity : OAI.NumberTheory.DirichletL.Energy.ReferenceDeletionCapacity
WAIT QRH.Energy.ReferenceDeletionCapacity : OAI.NumberTheory.DirichletL.Energy.ReferenceDeletionCapacity
WAIT QRH.Energy.ReferenceDeletionCapacity : OAI.NumberTheory.DirichletL.Energy.ReferenceDeletionCapacity
WAIT QRH.Energy.ReferenceDeletionCapacity : OAI.NumberTheory.DirichletL.Energy.ReferenceDeletionCapacity
WAIT QRH.Energy.ReferenceDeletionCapacity : OAI.NumberTheory.DirichletL.Energy.ReferenceDeletionCapacity
WAIT QRH.Energy.ReferenceDeletionCapacity : OAI.NumberTheory.DirichletL.Energy.ReferenceDeletionCapacity
WAIT QRH.Energy.ReferenceDeletionCapacity : OAI.NumberTheory.DirichletL.Energy.ReferenceDeletionCapacity
WAIT QRH.Energy.ReferenceDeletionCapacity : OAI.NumberTheory.DirichletL.Energy.ReferenceDeletionCapacity
WAIT QRH.Energy.ReferenceDeletionCapacity : OAI.NumberTheory.DirichletL.Energy.ReferenceDeletionCapacity
WAIT QRH.Energy.ReferenceDeletionCapacity : OAI.NumberTheory.DirichletL.Energy.ReferenceDeletionCapacity
WAIT QRH.Energy.ReferenceDeletionCapacity : OAI.NumberTheory.DirichletL.Energy.ReferenceDeletionCapacity
WAIT QRH.Energy.ReferenceDeletionCapacity : OAI.NumberTheory.DirichletL.Energy.ReferenceDeletionCapacity
WAIT QRH.Energy.ReferenceDeletionCapacity : OAI.NumberTheory.DirichletL.Energy.ReferenceDeletionCapacity
WAIT QRH.Energy.ReferenceDeletionCapacity : OAI.NumberTheory.DirichletL.Energy.ReferenceDeletionCapacity
WAIT QRH.Energy.ReferenceDeletionCapacity : OAI.NumberTheory.DirichletL.Energy.ReferenceDeletionCapacity
WAIT QRH.Energy.ReferenceDeletionCapacity : OAI.NumberTheory.DirichletL.Energy.ReferenceDeletionCapacity
CHECKED QRH.Energy.ReferenceDeletionCapacity
CHECKED QRH.Energy.ReferenceDeletionClipped
CHECKED QRH.Energy.ReferenceDivisors
CHECKED QRH.Energy.ReferenceLowBranchGeometry
CHECKED QRH.Energy.ReferenceLowWindow
CHECKED QRH.Energy.ReferenceLowDeletedGeometry
CHECKED QRH.Energy.OriginalHighReflectionGeometry
CHECKED QRH.Energy.OriginalHighReflectionDeleted
All requested increments checked; this does not complete the analytic theorem.
