'OAI.SevenEighths.QRHPrincipalTransport.principal_box_majorant' depends on axioms: [propext,
 Classical.choice,
 Quot.sound]
'OAI.SevenEighths.QRHPrincipalTransport.continued_x_shift' depends on axioms: [propext, Classical.choice, Quot.sound]
'OAI.SevenEighths.QRHPrincipalTransport.continued_source_differentiable_z' depends on axioms: [propext,
 Classical.choice,
 Quot.sound]
'OAI.SevenEighths.QRHPrincipalTransport.continued_principal_differentiable_z' depends on axioms: [propext,
 Classical.choice,
 Quot.sound]
'OAI.SevenEighths.QRHPrincipalTransport.continued_z_shift' depends on axioms: [propext, Classical.choice, Quot.sound]
'OAI.SevenEighths.QRHPrincipalTransport.continued_triple_x_shift' depends on axioms: [propext,
 Classical.choice,
 Quot.sound]
'OAI.SevenEighths.QRHPrincipalTransport.continued_triple_z_shift' depends on axioms: [propext,
 Classical.choice,
 Quot.sound]
'OAI.SevenEighths.QRHPrincipalTransport.source_initial_placement' depends on axioms: [propext,
 Classical.choice,
 Quot.sound]
'OAI.SevenEighths.QRHPrincipalTransport.source_initial_ordered_at_a' depends on axioms: [propext,
 Classical.choice,
 Quot.sound]
'OAI.SevenEighths.QRHPrincipalTransport.uniform_high_x_joins' depends on axioms: [propext, Classical.choice, Quot.sound]
'OAI.SevenEighths.QRHPrincipalTransport.uniform_high_z_joins' depends on axioms: [propext, Classical.choice, Quot.sound]
'OAI.SevenEighths.QRHPrincipalTransport.raw_uniform_high_x_joins' depends on axioms: [propext,
 Classical.choice,
 Quot.sound]
'OAI.SevenEighths.QRHPrincipalTransport.raw_uniform_high_z_joins' depends on axioms: [propext,
 Classical.choice,
 Quot.sound]
'OAI.SevenEighths.QRHPrincipalTransport.source_initial_joint_ordered_at_a' depends on axioms: [propext,
 Classical.choice,
 Quot.sound]
