'OAI.SevenEighths.QRHFiniteProductX.marked_differentiableAt_x' depends on axioms: [propext,
 Classical.choice,
 Quot.sound]
'OAI.SevenEighths.QRHFiniteProductX.local_analytic_x' depends on axioms: [propext, Classical.choice, Quot.sound]
'OAI.SevenEighths.QRHFiniteProductX.selected_analytic_x' depends on axioms: [propext, Classical.choice, Quot.sound]
'OAI.SevenEighths.QRHFiniteProductX.slot_analytic_x' depends on axioms: [propext, Classical.choice, Quot.sound]
'OAI.SevenEighths.QRHFiniteProductX.window_analytic_x' depends on axioms: [propext, Classical.choice, Quot.sound]
'OAI.SevenEighths.QRHFiniteProductX.combined_selected_analytic_x' depends on axioms: [propext,
 Classical.choice,
 Quot.sound]
'OAI.SevenEighths.QRHFiniteProductX.combined_slot_analytic_x' depends on axioms: [propext, Classical.choice, Quot.sound]
'OAI.SevenEighths.QRHFiniteProductX.continued_source_analytic_x' depends on axioms: [propext,
 Classical.choice,
 Quot.sound]
'OAI.SevenEighths.QRHFiniteProductX.source_analytic_x_off_one' depends on axioms: [propext,
 Classical.choice,
 Quot.sound]
'OAI.SevenEighths.QRHFiniteProductX.continued_source_differentiable_strip' depends on axioms: [propext,
 Classical.choice,
 Quot.sound]
