WAIT QRH.Detector.DetectorMomentPrimeGeometry : OAI.NumberTheory.DirichletL.Detector.DetectorMomentPrimeGeometry
WAIT QRH.Detector.DetectorMomentPrimeGeometry : OAI.NumberTheory.DirichletL.Detector.DetectorMomentPrimeGeometry
WAIT QRH.Detector.DetectorMomentPrimeGeometry : OAI.NumberTheory.DirichletL.Detector.DetectorMomentPrimeGeometry
WAIT QRH.Detector.DetectorMomentPrimeGeometry : OAI.NumberTheory.DirichletL.Detector.DetectorMomentPrimeGeometry
WAIT QRH.Detector.DetectorMomentPrimeGeometry : OAI.NumberTheory.DirichletL.Detector.DetectorMomentPrimeGeometry
WAIT QRH.Detector.DetectorMomentPrimeGeometry : OAI.NumberTheory.DirichletL.Detector.DetectorMomentPrimeGeometry
WAIT QRH.Detector.DetectorMomentPrimeGeometry : OAI.NumberTheory.DirichletL.Detector.DetectorMomentPrimeGeometry
WAIT QRH.Detector.DetectorMomentPrimeGeometry : OAI.NumberTheory.DirichletL.Detector.DetectorMomentPrimeGeometry
WAIT QRH.Detector.DetectorMomentPrimeGeometry : OAI.NumberTheory.DirichletL.Detector.DetectorMomentPrimeGeometry
WAIT QRH.Detector.DetectorMomentPrimeGeometry : OAI.NumberTheory.DirichletL.Detector.DetectorMomentPrimeGeometry
WAIT QRH.Detector.DetectorMomentPrimeGeometry : OAI.NumberTheory.DirichletL.Detector.DetectorMomentPrimeGeometry
WAIT QRH.Detector.DetectorMomentPrimeGeometry : OAI.NumberTheory.DirichletL.Detector.DetectorMomentPrimeGeometry
WAIT QRH.Detector.DetectorMomentPrimeGeometry : OAI.NumberTheory.DirichletL.Detector.DetectorMomentPrimeGeometry
WAIT QRH.Detector.DetectorMomentPrimeGeometry : OAI.NumberTheory.DirichletL.Detector.DetectorMomentPrimeGeometry
WAIT QRH.Detector.DetectorMomentPrimeGeometry : OAI.NumberTheory.DirichletL.Detector.DetectorMomentPrimeGeometry
WAIT QRH.Detector.DetectorMomentPrimeGeometry : OAI.NumberTheory.DirichletL.Detector.DetectorMomentPrimeGeometry
CHECKED QRH.Detector.DetectorMomentPrimeGeometry
WAIT QRH.Detector.DetectorInverseMarkedField : OAI.NumberTheory.DirichletL.Detector.DetectorInverseMarkedField
WAIT QRH.Detector.DetectorInverseMarkedField : OAI.NumberTheory.DirichletL.Detector.DetectorInverseMarkedField
WAIT QRH.Detector.DetectorInverseMarkedField : OAI.NumberTheory.DirichletL.Detector.DetectorInverseMarkedField
WAIT QRH.Detector.DetectorInverseMarkedField : OAI.NumberTheory.DirichletL.Detector.DetectorInverseMarkedField
WAIT QRH.Detector.DetectorInverseMarkedField : OAI.NumberTheory.DirichletL.Detector.DetectorInverseMarkedField
WAIT QRH.Detector.DetectorInverseMarkedField : OAI.NumberTheory.DirichletL.Detector.DetectorInverseMarkedField
WAIT QRH.Detector.DetectorInverseMarkedField : OAI.NumberTheory.DirichletL.Detector.DetectorInverseMarkedField
WAIT QRH.Detector.DetectorInverseMarkedField : OAI.NumberTheory.DirichletL.Detector.DetectorInverseMarkedField
CHECKED QRH.Detector.DetectorInverseMarkedField
CHECKED QRH.Detector.DetectorInverseFields
All requested increments checked; this does not complete the analytic theorem.
