Source closure: 3618 modules; workers=6
1/3618 checked; 5 running; 0s
2/3618 checked; 5 running; 0s
3/3618 checked; 5 running; 0s
4/3618 checked; 5 running; 0s
5/3618 checked; 5 running; 0s
50/3618 checked; 5 running; 3s
51/3618 checked; 5 running; 3s
52/3618 checked; 5 running; 3s
53/3618 checked; 5 running; 3s
54/3618 checked; 5 running; 4s
55/3618 checked; 5 running; 4s
100/3618 checked; 5 running; 9s
101/3618 checked; 5 running; 9s
102/3618 checked; 5 running; 9s
103/3618 checked; 5 running; 9s
104/3618 checked; 5 running; 9s
105/3618 checked; 5 running; 9s
150/3618 checked; 5 running; 15s
151/3618 checked; 5 running; 15s
152/3618 checked; 5 running; 16s
153/3618 checked; 5 running; 16s
154/3618 checked; 5 running; 16s
155/3618 checked; 5 running; 16s
200/3618 checked; 5 running; 21s
201/3618 checked; 5 running; 21s
202/3618 checked; 5 running; 21s
203/3618 checked; 5 running; 21s
204/3618 checked; 5 running; 21s
205/3618 checked; 5 running; 22s
250/3618 checked; 5 running; 27s
251/3618 checked; 5 running; 27s
252/3618 checked; 5 running; 27s
253/3618 checked; 5 running; 27s
254/3618 checked; 5 running; 27s
255/3618 checked; 5 running; 27s
300/3618 checked; 5 running; 33s
301/3618 checked; 5 running; 33s
302/3618 checked; 5 running; 33s
303/3618 checked; 5 running; 34s
304/3618 checked; 5 running; 34s
305/3618 checked; 5 running; 34s
350/3618 checked; 5 running; 39s
351/3618 checked; 5 running; 40s
352/3618 checked; 5 running; 40s
353/3618 checked; 5 running; 40s
354/3618 checked; 5 running; 40s
355/3618 checked; 5 running; 40s
400/3618 checked; 5 running; 46s
401/3618 checked; 5 running; 46s
402/3618 checked; 5 running; 46s
403/3618 checked; 5 running; 46s
404/3618 checked; 5 running; 46s
405/3618 checked; 5 running; 46s
450/3618 checked; 5 running; 53s
451/3618 checked; 5 running; 53s
452/3618 checked; 5 running; 53s
453/3618 checked; 5 running; 53s
454/3618 checked; 5 running; 54s
455/3618 checked; 5 running; 54s
500/3618 checked; 5 running; 61s
501/3618 checked; 5 running; 61s
502/3618 checked; 5 running; 61s
503/3618 checked; 5 running; 61s
504/3618 checked; 5 running; 61s
505/3618 checked; 5 running; 61s
550/3618 checked; 5 running; 68s
551/3618 checked; 5 running; 69s
552/3618 checked; 5 running; 69s
553/3618 checked; 5 running; 69s
554/3618 checked; 5 running; 69s
555/3618 checked; 5 running; 69s
600/3618 checked; 5 running; 78s
602/3618 checked; 4 running; 78s
603/3618 checked; 5 running; 78s
604/3618 checked; 5 running; 79s
605/3618 checked; 5 running; 79s
650/3618 checked; 5 running; 86s
651/3618 checked; 5 running; 86s
652/3618 checked; 5 running; 86s
653/3618 checked; 5 running; 86s
654/3618 checked; 5 running; 86s
655/3618 checked; 5 running; 86s
700/3618 checked; 5 running; 95s
701/3618 checked; 5 running; 95s
702/3618 checked; 5 running; 95s
703/3618 checked; 5 running; 95s
704/3618 checked; 5 running; 95s
705/3618 checked; 5 running; 95s
750/3618 checked; 5 running; 104s
751/3618 checked; 5 running; 104s
752/3618 checked; 5 running; 104s
753/3618 checked; 5 running; 104s
754/3618 checked; 5 running; 105s
755/3618 checked; 5 running; 105s
800/3618 checked; 5 running; 114s
801/3618 checked; 5 running; 115s
802/3618 checked; 5 running; 115s
803/3618 checked; 5 running; 115s
804/3618 checked; 5 running; 116s
805/3618 checked; 5 running; 116s
850/3618 checked; 5 running; 127s
851/3618 checked; 5 running; 127s
852/3618 checked; 5 running; 127s
853/3618 checked; 5 running; 128s
854/3618 checked; 5 running; 128s
855/3618 checked; 5 running; 128s
900/3618 checked; 5 running; 141s
901/3618 checked; 5 running; 142s
902/3618 checked; 5 running; 142s
903/3618 checked; 5 running; 143s
904/3618 checked; 5 running; 143s
905/3618 checked; 5 running; 143s
950/3618 checked; 5 running; 154s
951/3618 checked; 5 running; 154s
952/3618 checked; 5 running; 155s
953/3618 checked; 5 running; 155s
954/3618 checked; 5 running; 155s
955/3618 checked; 5 running; 155s
1000/3618 checked; 5 running; 166s
1001/3618 checked; 5 running; 166s
1002/3618 checked; 5 running; 166s
1003/3618 checked; 5 running; 166s
1004/3618 checked; 5 running; 167s
1005/3618 checked; 5 running; 167s
1050/3618 checked; 5 running; 182s
1051/3618 checked; 5 running; 182s
1052/3618 checked; 5 running; 182s
1053/3618 checked; 5 running; 183s
1054/3618 checked; 5 running; 183s
1055/3618 checked; 5 running; 183s
1100/3618 checked; 5 running; 197s
1101/3618 checked; 5 running; 197s
1102/3618 checked; 5 running; 197s
1103/3618 checked; 5 running; 197s
1104/3618 checked; 5 running; 197s
1105/3618 checked; 5 running; 197s
1150/3618 checked; 5 running; 208s
1151/3618 checked; 5 running; 209s
1152/3618 checked; 5 running; 209s
1153/3618 checked; 5 running; 209s
1154/3618 checked; 5 running; 209s
1155/3618 checked; 5 running; 210s
1200/3618 checked; 5 running; 219s
1201/3618 checked; 5 running; 220s
1202/3618 checked; 5 running; 220s
1203/3618 checked; 5 running; 220s
1204/3618 checked; 5 running; 221s
1205/3618 checked; 5 running; 221s
1250/3618 checked; 5 running; 233s
1251/3618 checked; 5 running; 233s
1252/3618 checked; 5 running; 233s
1253/3618 checked; 5 running; 234s
1254/3618 checked; 5 running; 234s
1255/3618 checked; 5 running; 234s
1300/3618 checked; 5 running; 244s
1301/3618 checked; 5 running; 244s
1302/3618 checked; 5 running; 245s
1303/3618 checked; 5 running; 245s
1304/3618 checked; 5 running; 245s
1305/3618 checked; 5 running; 246s
1350/3618 checked; 5 running; 258s
1351/3618 checked; 5 running; 259s
1352/3618 checked; 5 running; 259s
1353/3618 checked; 5 running; 259s
1354/3618 checked; 5 running; 259s
1355/3618 checked; 5 running; 260s
1400/3618 checked; 5 running; 273s
1401/3618 checked; 5 running; 273s
1402/3618 checked; 5 running; 274s
1403/3618 checked; 5 running; 274s
1404/3618 checked; 5 running; 274s
1405/3618 checked; 5 running; 275s
1450/3618 checked; 5 running; 287s
1451/3618 checked; 5 running; 288s
1452/3618 checked; 5 running; 288s
1453/3618 checked; 5 running; 288s
1454/3618 checked; 5 running; 288s
1455/3618 checked; 5 running; 289s
1500/3618 checked; 5 running; 307s
1501/3618 checked; 5 running; 308s
1502/3618 checked; 5 running; 308s
1503/3618 checked; 5 running; 308s
1504/3618 checked; 5 running; 309s
1505/3618 checked; 5 running; 310s
1550/3618 checked; 5 running; 329s
1551/3618 checked; 5 running; 330s
1552/3618 checked; 5 running; 330s
1553/3618 checked; 5 running; 331s
1554/3618 checked; 5 running; 331s
1555/3618 checked; 5 running; 331s
1600/3618 checked; 5 running; 348s
1601/3618 checked; 5 running; 348s
1602/3618 checked; 5 running; 348s
1603/3618 checked; 5 running; 349s
1604/3618 checked; 5 running; 349s
1605/3618 checked; 5 running; 350s
1650/3618 checked; 5 running; 367s
1651/3618 checked; 5 running; 367s
1652/3618 checked; 5 running; 368s
1653/3618 checked; 5 running; 369s
1654/3618 checked; 5 running; 369s
1655/3618 checked; 5 running; 369s
1700/3618 checked; 5 running; 383s
1701/3618 checked; 5 running; 383s
1702/3618 checked; 5 running; 384s
1703/3618 checked; 5 running; 384s
1704/3618 checked; 5 running; 384s
1705/3618 checked; 5 running; 385s
1750/3618 checked; 5 running; 402s
1751/3618 checked; 5 running; 403s
1752/3618 checked; 5 running; 403s
1753/3618 checked; 5 running; 403s
1754/3618 checked; 5 running; 404s
1755/3618 checked; 5 running; 404s
1800/3618 checked; 5 running; 419s
1801/3618 checked; 5 running; 419s
1802/3618 checked; 5 running; 420s
1803/3618 checked; 5 running; 420s
1804/3618 checked; 5 running; 420s
1805/3618 checked; 5 running; 420s
1850/3618 checked; 5 running; 434s
1851/3618 checked; 5 running; 435s
1852/3618 checked; 5 running; 436s
1853/3618 checked; 5 running; 436s
1854/3618 checked; 5 running; 436s
1855/3618 checked; 5 running; 436s
1900/3618 checked; 5 running; 451s
1901/3618 checked; 5 running; 453s
1902/3618 checked; 5 running; 454s
1903/3618 checked; 5 running; 455s
1904/3618 checked; 5 running; 455s
1905/3618 checked; 5 running; 455s
1950/3618 checked; 5 running; 480s
1951/3618 checked; 5 running; 480s
1952/3618 checked; 5 running; 481s
1953/3618 checked; 5 running; 481s
1954/3618 checked; 5 running; 483s
1955/3618 checked; 5 running; 483s
2000/3618 checked; 5 running; 500s
2001/3618 checked; 5 running; 501s
2002/3618 checked; 5 running; 501s
2003/3618 checked; 5 running; 501s
2004/3618 checked; 5 running; 501s
2005/3618 checked; 5 running; 503s
2050/3618 checked; 5 running; 520s
2051/3618 checked; 5 running; 520s
2052/3618 checked; 5 running; 521s
2053/3618 checked; 5 running; 521s
2054/3618 checked; 5 running; 521s
2055/3618 checked; 5 running; 521s
2100/3618 checked; 5 running; 539s
2101/3618 checked; 5 running; 540s
2102/3618 checked; 5 running; 540s
2103/3618 checked; 5 running; 542s
2104/3618 checked; 5 running; 542s
2105/3618 checked; 5 running; 543s
2150/3618 checked; 5 running; 566s
2151/3618 checked; 5 running; 567s
2152/3618 checked; 5 running; 568s
2153/3618 checked; 5 running; 568s
2154/3618 checked; 5 running; 569s
2155/3618 checked; 5 running; 569s
2200/3618 checked; 5 running; 590s
2201/3618 checked; 5 running; 590s
2202/3618 checked; 5 running; 591s
2203/3618 checked; 5 running; 591s
2204/3618 checked; 5 running; 591s
2205/3618 checked; 5 running; 591s
2250/3618 checked; 5 running; 612s
2251/3618 checked; 5 running; 612s
2252/3618 checked; 5 running; 612s
2253/3618 checked; 5 running; 613s
2254/3618 checked; 5 running; 613s
2255/3618 checked; 5 running; 614s
2300/3618 checked; 5 running; 631s
2301/3618 checked; 5 running; 631s
2302/3618 checked; 5 running; 632s
2303/3618 checked; 5 running; 632s
2304/3618 checked; 5 running; 634s
2305/3618 checked; 5 running; 634s
FAIL Mathlib.LinearAlgebra.TensorProduct.Quotient: see logs/source/Mathlib.LinearAlgebra.TensorProduct.Quotient.log
2322/3618 checked; 5 running; 643s
2323/3618 checked; 5 running; 644s
2324/3618 checked; 5 running; 645s
2325/3618 checked; 5 running; 645s
2326/3618 checked; 5 running; 645s
2327/3618 checked; 5 running; 645s
2328/3618 checked; 5 running; 646s
2329/3618 checked; 5 running; 646s
2330/3618 checked; 5 running; 647s
2331/3618 checked; 5 running; 647s
2332/3618 checked; 5 running; 647s
2333/3618 checked; 5 running; 647s
2334/3618 checked; 5 running; 649s
2335/3618 checked; 5 running; 649s
2336/3618 checked; 5 running; 649s
2337/3618 checked; 5 running; 650s
2338/3618 checked; 5 running; 651s
2339/3618 checked; 5 running; 651s
2340/3618 checked; 5 running; 652s
2341/3618 checked; 5 running; 653s
2342/3618 checked; 5 running; 653s
2343/3618 checked; 5 running; 654s
2344/3618 checked; 5 running; 655s
2345/3618 checked; 5 running; 655s
2346/3618 checked; 5 running; 655s
2347/3618 checked; 5 running; 656s
2348/3618 checked; 5 running; 656s
2349/3618 checked; 5 running; 657s
2350/3618 checked; 5 running; 657s
2351/3618 checked; 5 running; 657s
2352/3618 checked; 5 running; 658s
2353/3618 checked; 5 running; 658s
2354/3618 checked; 5 running; 659s
2355/3618 checked; 5 running; 660s
2356/3618 checked; 5 running; 660s
2357/3618 checked; 5 running; 660s
2358/3618 checked; 5 running; 660s
2359/3618 checked; 5 running; 661s
2360/3618 checked; 5 running; 661s
2361/3618 checked; 5 running; 661s
2362/3618 checked; 5 running; 662s
2363/3618 checked; 5 running; 663s
2364/3618 checked; 5 running; 664s
2365/3618 checked; 5 running; 664s
2366/3618 checked; 5 running; 666s
2367/3618 checked; 5 running; 666s
FAIL Mathlib.RingTheory.TensorProduct.Maps: see logs/source/Mathlib.RingTheory.TensorProduct.Maps.log
2367/3618 checked; 5 running; 667s
2368/3618 checked; 5 running; 667s
2369/3618 checked; 5 running; 669s
2370/3618 checked; 5 running; 669s
2371/3618 checked; 5 running; 670s
2372/3618 checked; 5 running; 670s
2373/3618 checked; 5 running; 670s
2374/3618 checked; 5 running; 671s
2375/3618 checked; 5 running; 671s
2376/3618 checked; 5 running; 671s
2377/3618 checked; 5 running; 672s
2378/3618 checked; 5 running; 672s
2379/3618 checked; 5 running; 672s
2380/3618 checked; 5 running; 673s
2381/3618 checked; 5 running; 673s
2382/3618 checked; 5 running; 674s
2383/3618 checked; 5 running; 676s
2384/3618 checked; 5 running; 676s
2385/3618 checked; 5 running; 677s
2386/3618 checked; 5 running; 677s
2387/3618 checked; 5 running; 677s
2388/3618 checked; 5 running; 677s
2389/3618 checked; 5 running; 678s
2390/3618 checked; 5 running; 678s
2391/3618 checked; 5 running; 679s
2392/3618 checked; 5 running; 680s
2393/3618 checked; 5 running; 681s
2394/3618 checked; 5 running; 682s
2395/3618 checked; 5 running; 682s
2396/3618 checked; 5 running; 683s
2397/3618 checked; 5 running; 683s
2398/3618 checked; 5 running; 683s
2399/3618 checked; 5 running; 683s
2400/3618 checked; 5 running; 683s
2401/3618 checked; 5 running; 683s
2402/3618 checked; 5 running; 684s
2403/3618 checked; 5 running; 684s
2404/3618 checked; 5 running; 685s
FAIL OAI.NumberTheory.DirichletL.Supremum: see logs/source/OAI.NumberTheory.DirichletL.Supremum.log
2404/3618 checked; 5 running; 685s
2405/3618 checked; 4 running; 685s
2406/3618 checked; 3 running; 686s
2407/3618 checked; 2 running; 686s
2408/3618 checked; 5 running; 686s
2409/3618 checked; 5 running; 686s
2410/3618 checked; 5 running; 687s
2411/3618 checked; 5 running; 688s
2412/3618 checked; 5 running; 689s
2413/3618 checked; 5 running; 690s
2414/3618 checked; 4 running; 690s
2415/3618 checked; 4 running; 691s
2416/3618 checked; 5 running; 691s
2417/3618 checked; 5 running; 692s
2418/3618 checked; 5 running; 693s
2419/3618 checked; 5 running; 693s
2420/3618 checked; 5 running; 694s
2421/3618 checked; 5 running; 694s
2422/3618 checked; 5 running; 695s
2423/3618 checked; 5 running; 697s
2424/3618 checked; 5 running; 697s
2425/3618 checked; 5 running; 697s
2426/3618 checked; 5 running; 697s
2427/3618 checked; 5 running; 698s
2428/3618 checked; 5 running; 698s
2429/3618 checked; 5 running; 699s
2430/3618 checked; 5 running; 699s
2431/3618 checked; 5 running; 700s
2432/3618 checked; 5 running; 702s
2433/3618 checked; 5 running; 702s
2434/3618 checked; 5 running; 703s
2435/3618 checked; 5 running; 703s
2436/3618 checked; 5 running; 703s
2437/3618 checked; 5 running; 704s
2438/3618 checked; 5 running; 706s
2439/3618 checked; 5 running; 706s
2440/3618 checked; 5 running; 708s
2441/3618 checked; 5 running; 708s
2442/3618 checked; 5 running; 708s
2443/3618 checked; 5 running; 709s
2444/3618 checked; 5 running; 709s
2445/3618 checked; 5 running; 709s
2446/3618 checked; 5 running; 710s
2447/3618 checked; 5 running; 710s
2448/3618 checked; 5 running; 711s
2449/3618 checked; 5 running; 711s
2450/3618 checked; 5 running; 711s
2451/3618 checked; 5 running; 712s
2452/3618 checked; 5 running; 712s
2453/3618 checked; 5 running; 713s
2454/3618 checked; 5 running; 714s
2455/3618 checked; 5 running; 714s
2456/3618 checked; 5 running; 715s
2457/3618 checked; 5 running; 715s
2458/3618 checked; 5 running; 715s
2459/3618 checked; 5 running; 715s
2460/3618 checked; 5 running; 716s
2461/3618 checked; 5 running; 717s
2462/3618 checked; 5 running; 717s
2463/3618 checked; 5 running; 718s
2464/3618 checked; 5 running; 718s
2465/3618 checked; 5 running; 719s
2466/3618 checked; 5 running; 719s
2467/3618 checked; 5 running; 720s
2468/3618 checked; 5 running; 720s
2469/3618 checked; 5 running; 720s
2470/3618 checked; 5 running; 721s
2471/3618 checked; 5 running; 721s
2472/3618 checked; 5 running; 722s
2473/3618 checked; 5 running; 723s
2474/3618 checked; 5 running; 723s
2475/3618 checked; 5 running; 724s
2476/3618 checked; 5 running; 724s
2477/3618 checked; 5 running; 724s
2478/3618 checked; 5 running; 725s
2479/3618 checked; 5 running; 725s
2480/3618 checked; 5 running; 725s
2481/3618 checked; 4 running; 726s
2482/3618 checked; 5 running; 727s
2483/3618 checked; 5 running; 727s
2484/3618 checked; 5 running; 728s
2485/3618 checked; 5 running; 728s
2486/3618 checked; 5 running; 728s
2487/3618 checked; 5 running; 729s
2488/3618 checked; 5 running; 729s
2489/3618 checked; 5 running; 731s
2490/3618 checked; 5 running; 731s
2491/3618 checked; 5 running; 731s
2492/3618 checked; 5 running; 732s
2493/3618 checked; 5 running; 733s
2494/3618 checked; 5 running; 734s
2495/3618 checked; 5 running; 734s
2496/3618 checked; 5 running; 734s
2497/3618 checked; 5 running; 735s
2498/3618 checked; 5 running; 735s
2499/3618 checked; 5 running; 735s
2500/3618 checked; 5 running; 736s
2501/3618 checked; 5 running; 736s
2502/3618 checked; 5 running; 736s
2503/3618 checked; 5 running; 738s
2504/3618 checked; 5 running; 738s
2505/3618 checked; 5 running; 739s
2506/3618 checked; 5 running; 739s
2507/3618 checked; 5 running; 739s
2508/3618 checked; 5 running; 739s
2509/3618 checked; 5 running; 739s
2510/3618 checked; 5 running; 740s
2511/3618 checked; 5 running; 740s
2512/3618 checked; 5 running; 741s
2513/3618 checked; 5 running; 743s
2514/3618 checked; 5 running; 743s
2515/3618 checked; 5 running; 743s
2516/3618 checked; 5 running; 743s
2517/3618 checked; 5 running; 744s
2518/3618 checked; 5 running; 745s
2519/3618 checked; 5 running; 745s
2520/3618 checked; 5 running; 745s
2521/3618 checked; 5 running; 745s
2522/3618 checked; 5 running; 746s
2523/3618 checked; 5 running; 746s
2524/3618 checked; 5 running; 747s
2525/3618 checked; 5 running; 748s
2526/3618 checked; 5 running; 748s
2527/3618 checked; 5 running; 748s
2528/3618 checked; 5 running; 749s
2529/3618 checked; 5 running; 750s
2530/3618 checked; 5 running; 750s
2531/3618 checked; 5 running; 750s
2532/3618 checked; 5 running; 751s
2533/3618 checked; 5 running; 752s
2534/3618 checked; 5 running; 753s
2535/3618 checked; 5 running; 753s
2536/3618 checked; 5 running; 754s
2537/3618 checked; 5 running; 754s
2538/3618 checked; 5 running; 755s
2539/3618 checked; 5 running; 756s
2540/3618 checked; 5 running; 756s
2541/3618 checked; 5 running; 757s
2542/3618 checked; 5 running; 757s
2543/3618 checked; 5 running; 757s
2544/3618 checked; 5 running; 758s
2545/3618 checked; 5 running; 759s
2546/3618 checked; 5 running; 759s
2547/3618 checked; 5 running; 759s
2548/3618 checked; 5 running; 759s
2549/3618 checked; 5 running; 760s
2550/3618 checked; 5 running; 760s
2551/3618 checked; 5 running; 761s
2552/3618 checked; 5 running; 761s
2553/3618 checked; 4 running; 761s
2554/3618 checked; 3 running; 762s
2555/3618 checked; 2 running; 762s
2556/3618 checked; 2 running; 764s
2557/3618 checked; 4 running; 765s
2558/3618 checked; 3 running; 765s
2559/3618 checked; 3 running; 766s
2560/3618 checked; 2 running; 766s
2561/3618 checked; 2 running; 767s
2562/3618 checked; 2 running; 769s
2563/3618 checked; 5 running; 770s
2564/3618 checked; 4 running; 770s
2565/3618 checked; 4 running; 771s
2566/3618 checked; 4 running; 771s
2567/3618 checked; 3 running; 771s
2568/3618 checked; 2 running; 772s
2569/3618 checked; 3 running; 772s
2570/3618 checked; 2 running; 773s
2571/3618 checked; 1 running; 775s
2572/3618 checked; 5 running; 775s
2573/3618 checked; 5 running; 776s
2574/3618 checked; 5 running; 776s
2575/3618 checked; 5 running; 777s
2576/3618 checked; 5 running; 777s
2577/3618 checked; 5 running; 778s
2578/3618 checked; 5 running; 778s
2579/3618 checked; 5 running; 779s
2580/3618 checked; 5 running; 779s
2581/3618 checked; 5 running; 779s
2582/3618 checked; 4 running; 780s
2583/3618 checked; 4 running; 780s
2584/3618 checked; 3 running; 780s
2585/3618 checked; 5 running; 780s
2586/3618 checked; 5 running; 781s
2587/3618 checked; 4 running; 781s
2588/3618 checked; 3 running; 781s
2589/3618 checked; 4 running; 781s
2590/3618 checked; 4 running; 782s
2591/3618 checked; 3 running; 782s
2592/3618 checked; 2 running; 783s
2593/3618 checked; 2 running; 783s
2594/3618 checked; 4 running; 784s
2595/3618 checked; 3 running; 784s
2596/3618 checked; 2 running; 785s
2597/3618 checked; 4 running; 785s
2598/3618 checked; 3 running; 785s
2599/3618 checked; 2 running; 786s
2600/3618 checked; 1 running; 786s
2601/3618 checked; 1 running; 788s
2602/3618 checked; 1 running; 790s
2603/3618 checked; 1 running; 791s
2604/3618 checked; 2 running; 792s
2605/3618 checked; 5 running; 793s
2606/3618 checked; 5 running; 793s
2607/3618 checked; 4 running; 793s
2608/3618 checked; 3 running; 794s
2609/3618 checked; 4 running; 794s
2610/3618 checked; 3 running; 794s
2611/3618 checked; 3 running; 795s
2612/3618 checked; 2 running; 797s
2613/3618 checked; 4 running; 797s
2614/3618 checked; 5 running; 798s
2615/3618 checked; 4 running; 799s
2616/3618 checked; 3 running; 799s
2617/3618 checked; 3 running; 799s
2618/3618 checked; 3 running; 800s
2619/3618 checked; 2 running; 801s
2620/3618 checked; 1 running; 802s
2621/3618 checked; 4 running; 803s
2622/3618 checked; 4 running; 804s
2623/3618 checked; 5 running; 804s
2624/3618 checked; 5 running; 804s
2626/3618 checked; 4 running; 804s
2627/3618 checked; 4 running; 805s
2628/3618 checked; 3 running; 805s
2629/3618 checked; 5 running; 805s
2630/3618 checked; 5 running; 805s
2631/3618 checked; 5 running; 806s
2632/3618 checked; 5 running; 806s
2633/3618 checked; 5 running; 807s
2634/3618 checked; 5 running; 807s
2635/3618 checked; 5 running; 807s
2636/3618 checked; 5 running; 807s
2637/3618 checked; 5 running; 808s
2638/3618 checked; 5 running; 808s
2639/3618 checked; 5 running; 808s
2640/3618 checked; 5 running; 808s
2641/3618 checked; 5 running; 809s
2642/3618 checked; 5 running; 809s
2643/3618 checked; 5 running; 809s
2644/3618 checked; 5 running; 809s
2645/3618 checked; 5 running; 810s
2646/3618 checked; 5 running; 810s
2647/3618 checked; 5 running; 811s
2648/3618 checked; 5 running; 811s
2649/3618 checked; 5 running; 811s
2650/3618 checked; 5 running; 812s
2651/3618 checked; 5 running; 812s
2652/3618 checked; 5 running; 812s
2653/3618 checked; 5 running; 812s
2654/3618 checked; 5 running; 813s
2655/3618 checked; 5 running; 813s
2656/3618 checked; 5 running; 813s
2657/3618 checked; 5 running; 813s
2658/3618 checked; 5 running; 814s
2659/3618 checked; 5 running; 814s
2660/3618 checked; 5 running; 815s
2661/3618 checked; 5 running; 815s
2662/3618 checked; 5 running; 815s
2663/3618 checked; 5 running; 815s
2664/3618 checked; 5 running; 816s
2665/3618 checked; 5 running; 816s
2666/3618 checked; 5 running; 816s
2667/3618 checked; 5 running; 816s
2668/3618 checked; 5 running; 817s
2669/3618 checked; 5 running; 817s
2670/3618 checked; 5 running; 817s
2671/3618 checked; 5 running; 817s
2672/3618 checked; 5 running; 818s
2673/3618 checked; 5 running; 818s
2674/3618 checked; 5 running; 819s
2675/3618 checked; 5 running; 819s
2676/3618 checked; 5 running; 820s
2677/3618 checked; 4 running; 820s
2678/3618 checked; 5 running; 821s
2679/3618 checked; 5 running; 821s
2680/3618 checked; 5 running; 822s
2681/3618 checked; 5 running; 822s
2682/3618 checked; 5 running; 822s
2683/3618 checked; 5 running; 823s
2684/3618 checked; 5 running; 823s
2685/3618 checked; 5 running; 824s
2686/3618 checked; 5 running; 824s
2687/3618 checked; 5 running; 824s
2688/3618 checked; 5 running; 826s
2689/3618 checked; 5 running; 826s
2690/3618 checked; 5 running; 826s
2691/3618 checked; 5 running; 826s
2692/3618 checked; 5 running; 827s
2693/3618 checked; 5 running; 827s
2694/3618 checked; 5 running; 828s
2695/3618 checked; 5 running; 828s
2696/3618 checked; 5 running; 828s
2697/3618 checked; 5 running; 828s
2698/3618 checked; 5 running; 828s
2699/3618 checked; 5 running; 829s
2700/3618 checked; 5 running; 829s
2701/3618 checked; 5 running; 829s
2702/3618 checked; 5 running; 829s
2703/3618 checked; 5 running; 830s
2704/3618 checked; 5 running; 830s
2705/3618 checked; 5 running; 830s
2706/3618 checked; 5 running; 830s
2707/3618 checked; 5 running; 831s
2708/3618 checked; 5 running; 831s
2709/3618 checked; 5 running; 832s
2710/3618 checked; 5 running; 832s
2711/3618 checked; 5 running; 832s
2712/3618 checked; 5 running; 833s
2713/3618 checked; 5 running; 834s
2714/3618 checked; 5 running; 835s
2715/3618 checked; 5 running; 835s
2716/3618 checked; 5 running; 835s
2717/3618 checked; 5 running; 836s
2718/3618 checked; 5 running; 836s
2719/3618 checked; 5 running; 836s
2720/3618 checked; 5 running; 837s
2721/3618 checked; 5 running; 837s
2722/3618 checked; 5 running; 837s
2723/3618 checked; 5 running; 838s
2724/3618 checked; 5 running; 838s
2725/3618 checked; 5 running; 838s
2726/3618 checked; 5 running; 838s
2727/3618 checked; 5 running; 838s
2728/3618 checked; 5 running; 839s
2729/3618 checked; 5 running; 839s
2730/3618 checked; 5 running; 839s
2731/3618 checked; 5 running; 840s
2732/3618 checked; 5 running; 840s
2733/3618 checked; 5 running; 841s
2734/3618 checked; 5 running; 841s
2735/3618 checked; 5 running; 841s
2736/3618 checked; 5 running; 841s
2737/3618 checked; 5 running; 841s
2738/3618 checked; 5 running; 842s
2739/3618 checked; 5 running; 842s
2740/3618 checked; 5 running; 844s
2741/3618 checked; 5 running; 844s
2742/3618 checked; 5 running; 844s
2743/3618 checked; 5 running; 845s
2744/3618 checked; 5 running; 845s
2745/3618 checked; 5 running; 846s
2746/3618 checked; 5 running; 846s
2747/3618 checked; 5 running; 847s
2748/3618 checked; 5 running; 847s
2749/3618 checked; 5 running; 847s
2750/3618 checked; 5 running; 847s
2751/3618 checked; 5 running; 849s
2752/3618 checked; 5 running; 849s
2753/3618 checked; 5 running; 849s
2754/3618 checked; 5 running; 850s
2755/3618 checked; 5 running; 850s
2756/3618 checked; 5 running; 851s
2757/3618 checked; 5 running; 851s
2758/3618 checked; 5 running; 851s
2759/3618 checked; 5 running; 852s
2760/3618 checked; 5 running; 852s
2761/3618 checked; 5 running; 852s
2762/3618 checked; 5 running; 853s
2763/3618 checked; 5 running; 853s
2764/3618 checked; 5 running; 853s
2765/3618 checked; 5 running; 853s
2766/3618 checked; 5 running; 854s
2767/3618 checked; 5 running; 855s
2768/3618 checked; 5 running; 855s
2769/3618 checked; 5 running; 855s
2770/3618 checked; 5 running; 856s
2771/3618 checked; 5 running; 857s
2772/3618 checked; 5 running; 857s
2773/3618 checked; 5 running; 857s
2774/3618 checked; 5 running; 858s
2775/3618 checked; 5 running; 858s
2776/3618 checked; 5 running; 859s
2777/3618 checked; 5 running; 859s
2778/3618 checked; 5 running; 859s
2779/3618 checked; 5 running; 860s
2780/3618 checked; 5 running; 861s
2781/3618 checked; 5 running; 861s
2782/3618 checked; 5 running; 862s
2783/3618 checked; 5 running; 862s
2784/3618 checked; 5 running; 862s
2785/3618 checked; 5 running; 863s
2786/3618 checked; 5 running; 864s
2787/3618 checked; 5 running; 864s
2788/3618 checked; 5 running; 864s
2789/3618 checked; 5 running; 864s
2790/3618 checked; 5 running; 865s
2791/3618 checked; 5 running; 865s
2792/3618 checked; 5 running; 865s
2793/3618 checked; 5 running; 866s
2794/3618 checked; 5 running; 866s
2795/3618 checked; 5 running; 866s
2796/3618 checked; 5 running; 867s
2797/3618 checked; 5 running; 868s
2798/3618 checked; 5 running; 868s
2799/3618 checked; 5 running; 868s
2800/3618 checked; 5 running; 868s
2801/3618 checked; 5 running; 868s
2802/3618 checked; 5 running; 869s
2803/3618 checked; 5 running; 869s
2804/3618 checked; 5 running; 869s
2805/3618 checked; 5 running; 869s
2806/3618 checked; 5 running; 870s
2807/3618 checked; 5 running; 870s
2808/3618 checked; 5 running; 871s
2809/3618 checked; 5 running; 871s
2810/3618 checked; 5 running; 871s
2811/3618 checked; 5 running; 871s
2812/3618 checked; 5 running; 872s
2813/3618 checked; 5 running; 872s
2814/3618 checked; 5 running; 872s
2815/3618 checked; 5 running; 873s
2816/3618 checked; 5 running; 873s
2817/3618 checked; 5 running; 874s
2818/3618 checked; 5 running; 874s
2819/3618 checked; 5 running; 875s
2820/3618 checked; 5 running; 876s
2821/3618 checked; 5 running; 876s
2822/3618 checked; 5 running; 877s
2823/3618 checked; 5 running; 877s
2824/3618 checked; 5 running; 877s
2825/3618 checked; 5 running; 877s
2826/3618 checked; 5 running; 878s
2827/3618 checked; 5 running; 878s
2828/3618 checked; 5 running; 878s
2829/3618 checked; 5 running; 879s
2830/3618 checked; 5 running; 879s
2831/3618 checked; 5 running; 880s
2832/3618 checked; 5 running; 880s
2833/3618 checked; 5 running; 880s
2834/3618 checked; 5 running; 881s
2835/3618 checked; 5 running; 881s
2836/3618 checked; 5 running; 882s
2837/3618 checked; 5 running; 882s
2838/3618 checked; 5 running; 882s
2839/3618 checked; 5 running; 883s
2840/3618 checked; 5 running; 883s
2841/3618 checked; 5 running; 883s
2842/3618 checked; 5 running; 884s
2843/3618 checked; 5 running; 884s
2844/3618 checked; 5 running; 884s
2845/3618 checked; 5 running; 884s
2846/3618 checked; 5 running; 885s
2847/3618 checked; 5 running; 885s
2848/3618 checked; 5 running; 885s
2849/3618 checked; 5 running; 885s
2850/3618 checked; 5 running; 885s
2851/3618 checked; 5 running; 886s
2852/3618 checked; 5 running; 886s
2853/3618 checked; 5 running; 887s
2854/3618 checked; 4 running; 888s
2855/3618 checked; 5 running; 888s
2856/3618 checked; 5 running; 889s
2857/3618 checked; 5 running; 890s
2858/3618 checked; 5 running; 890s
2859/3618 checked; 5 running; 890s
2860/3618 checked; 5 running; 890s
2861/3618 checked; 5 running; 891s
2862/3618 checked; 5 running; 892s
2863/3618 checked; 5 running; 893s
2864/3618 checked; 5 running; 893s
2865/3618 checked; 5 running; 893s
2866/3618 checked; 5 running; 894s
2867/3618 checked; 5 running; 894s
2868/3618 checked; 5 running; 895s
2869/3618 checked; 5 running; 895s
2870/3618 checked; 5 running; 895s
2871/3618 checked; 4 running; 897s
2872/3618 checked; 4 running; 897s
2873/3618 checked; 5 running; 897s
2874/3618 checked; 5 running; 898s
2875/3618 checked; 5 running; 898s
2876/3618 checked; 5 running; 898s
2877/3618 checked; 5 running; 899s
2878/3618 checked; 5 running; 899s
2879/3618 checked; 5 running; 899s
2880/3618 checked; 5 running; 899s
2881/3618 checked; 5 running; 900s
2882/3618 checked; 5 running; 901s
2883/3618 checked; 5 running; 901s
2884/3618 checked; 5 running; 901s
2885/3618 checked; 5 running; 902s
2886/3618 checked; 5 running; 903s
2887/3618 checked; 5 running; 903s
2888/3618 checked; 5 running; 903s
2889/3618 checked; 5 running; 904s
2890/3618 checked; 5 running; 904s
2891/3618 checked; 5 running; 904s
2892/3618 checked; 5 running; 905s
2893/3618 checked; 5 running; 906s
2894/3618 checked; 5 running; 906s
2895/3618 checked; 5 running; 906s
2896/3618 checked; 5 running; 906s
2897/3618 checked; 5 running; 907s
2898/3618 checked; 5 running; 908s
2899/3618 checked; 5 running; 908s
2900/3618 checked; 5 running; 909s
2901/3618 checked; 5 running; 909s
2902/3618 checked; 5 running; 909s
2903/3618 checked; 5 running; 910s
2904/3618 checked; 5 running; 910s
2905/3618 checked; 5 running; 911s
2906/3618 checked; 5 running; 911s
2907/3618 checked; 5 running; 911s
2908/3618 checked; 5 running; 911s
2909/3618 checked; 5 running; 911s
2910/3618 checked; 5 running; 911s
2911/3618 checked; 5 running; 912s
2912/3618 checked; 5 running; 913s
2913/3618 checked; 5 running; 913s
2914/3618 checked; 5 running; 914s
2915/3618 checked; 5 running; 914s
2916/3618 checked; 5 running; 915s
2917/3618 checked; 5 running; 915s
2918/3618 checked; 5 running; 916s
2919/3618 checked; 5 running; 917s
2920/3618 checked; 5 running; 917s
2921/3618 checked; 5 running; 917s
2922/3618 checked; 5 running; 919s
2923/3618 checked; 5 running; 920s
2924/3618 checked; 5 running; 920s
2925/3618 checked; 5 running; 921s
2926/3618 checked; 5 running; 922s
2927/3618 checked; 5 running; 922s
2928/3618 checked; 5 running; 922s
2929/3618 checked; 5 running; 923s
2930/3618 checked; 5 running; 924s
2931/3618 checked; 5 running; 924s
2932/3618 checked; 5 running; 924s
2933/3618 checked; 5 running; 924s
2934/3618 checked; 5 running; 925s
2935/3618 checked; 5 running; 926s
2936/3618 checked; 5 running; 926s
2937/3618 checked; 5 running; 926s
2938/3618 checked; 5 running; 927s
2939/3618 checked; 4 running; 928s
2940/3618 checked; 3 running; 930s
2941/3618 checked; 3 running; 930s
2942/3618 checked; 5 running; 931s
2943/3618 checked; 5 running; 932s
2944/3618 checked; 5 running; 932s
2945/3618 checked; 5 running; 933s
2946/3618 checked; 5 running; 933s
2947/3618 checked; 5 running; 933s
2948/3618 checked; 5 running; 934s
2949/3618 checked; 5 running; 934s
2950/3618 checked; 5 running; 935s
2951/3618 checked; 5 running; 936s
2952/3618 checked; 5 running; 937s
2953/3618 checked; 5 running; 937s
2954/3618 checked; 5 running; 937s
2955/3618 checked; 5 running; 938s
2956/3618 checked; 5 running; 938s
2957/3618 checked; 5 running; 940s
2958/3618 checked; 5 running; 940s
2959/3618 checked; 5 running; 941s
2960/3618 checked; 5 running; 941s
2961/3618 checked; 5 running; 942s
2962/3618 checked; 5 running; 942s
2963/3618 checked; 5 running; 943s
2964/3618 checked; 5 running; 943s
2965/3618 checked; 5 running; 944s
2966/3618 checked; 5 running; 944s
2967/3618 checked; 5 running; 944s
2968/3618 checked; 5 running; 945s
2969/3618 checked; 5 running; 945s
2970/3618 checked; 5 running; 946s
2971/3618 checked; 5 running; 946s
2972/3618 checked; 5 running; 947s
2973/3618 checked; 5 running; 947s
2974/3618 checked; 5 running; 948s
2975/3618 checked; 5 running; 948s
2976/3618 checked; 5 running; 948s
2977/3618 checked; 5 running; 949s
2978/3618 checked; 5 running; 949s
2979/3618 checked; 5 running; 950s
2980/3618 checked; 5 running; 950s
2981/3618 checked; 5 running; 951s
2982/3618 checked; 5 running; 951s
2983/3618 checked; 5 running; 951s
2984/3618 checked; 5 running; 952s
2985/3618 checked; 5 running; 952s
2986/3618 checked; 5 running; 952s
2987/3618 checked; 5 running; 954s
2988/3618 checked; 5 running; 954s
2989/3618 checked; 5 running; 955s
2990/3618 checked; 5 running; 956s
2991/3618 checked; 5 running; 956s
2992/3618 checked; 5 running; 956s
2993/3618 checked; 5 running; 957s
2994/3618 checked; 5 running; 958s
2995/3618 checked; 5 running; 958s
2996/3618 checked; 5 running; 959s
2997/3618 checked; 5 running; 959s
2998/3618 checked; 5 running; 959s
2999/3618 checked; 5 running; 960s
3000/3618 checked; 5 running; 960s
3001/3618 checked; 5 running; 961s
3002/3618 checked; 5 running; 962s
3003/3618 checked; 5 running; 962s
3004/3618 checked; 5 running; 962s
3005/3618 checked; 5 running; 963s
3006/3618 checked; 5 running; 963s
3007/3618 checked; 5 running; 963s
3008/3618 checked; 5 running; 964s
3009/3618 checked; 5 running; 965s
3010/3618 checked; 5 running; 965s
3011/3618 checked; 5 running; 965s
3012/3618 checked; 5 running; 965s
3013/3618 checked; 5 running; 966s
3014/3618 checked; 5 running; 966s
3015/3618 checked; 5 running; 966s
3016/3618 checked; 5 running; 967s
3017/3618 checked; 5 running; 968s
3018/3618 checked; 4 running; 968s
3019/3618 checked; 5 running; 968s
3020/3618 checked; 5 running; 968s
3021/3618 checked; 4 running; 968s
3022/3618 checked; 5 running; 969s
3023/3618 checked; 5 running; 970s
3024/3618 checked; 5 running; 970s
3025/3618 checked; 5 running; 970s
3026/3618 checked; 5 running; 972s
3027/3618 checked; 5 running; 972s
3028/3618 checked; 5 running; 972s
3029/3618 checked; 5 running; 973s
3030/3618 checked; 5 running; 973s
3031/3618 checked; 5 running; 974s
3032/3618 checked; 5 running; 974s
3033/3618 checked; 5 running; 974s
3034/3618 checked; 5 running; 976s
3035/3618 checked; 5 running; 976s
3036/3618 checked; 5 running; 977s
3037/3618 checked; 5 running; 977s
3038/3618 checked; 5 running; 978s
3039/3618 checked; 5 running; 980s
3040/3618 checked; 5 running; 980s
3041/3618 checked; 5 running; 981s
3042/3618 checked; 5 running; 982s
3043/3618 checked; 5 running; 983s
3044/3618 checked; 5 running; 983s
3045/3618 checked; 5 running; 983s
3046/3618 checked; 5 running; 984s
3047/3618 checked; 5 running; 985s
3048/3618 checked; 5 running; 985s
3049/3618 checked; 5 running; 986s
3050/3618 checked; 5 running; 986s
3051/3618 checked; 5 running; 986s
3052/3618 checked; 5 running; 987s
3053/3618 checked; 5 running; 988s
3054/3618 checked; 5 running; 988s
3055/3618 checked; 5 running; 990s
3056/3618 checked; 5 running; 990s
3057/3618 checked; 5 running; 990s
3058/3618 checked; 5 running; 990s
3059/3618 checked; 5 running; 991s
3060/3618 checked; 5 running; 991s
FAIL Mathlib.Analysis.Normed.Operator.Bilinear: see logs/source/Mathlib.Analysis.Normed.Operator.Bilinear.log
3060/3618 checked; 5 running; 992s
3061/3618 checked; 5 running; 992s
3062/3618 checked; 5 running; 992s
3063/3618 checked; 5 running; 993s
3064/3618 checked; 5 running; 993s
3065/3618 checked; 5 running; 994s
3066/3618 checked; 5 running; 994s
3067/3618 checked; 5 running; 995s
3068/3618 checked; 5 running; 995s
3069/3618 checked; 4 running; 996s
3070/3618 checked; 5 running; 996s
3071/3618 checked; 5 running; 997s
3072/3618 checked; 5 running; 998s
3073/3618 checked; 5 running; 998s
3074/3618 checked; 5 running; 999s
3075/3618 checked; 5 running; 999s
3076/3618 checked; 4 running; 1000s
3077/3618 checked; 3 running; 1000s
3078/3618 checked; 4 running; 1000s
3079/3618 checked; 4 running; 1001s
3080/3618 checked; 5 running; 1003s
3081/3618 checked; 5 running; 1003s
3082/3618 checked; 5 running; 1004s
3083/3618 checked; 5 running; 1005s
3084/3618 checked; 5 running; 1005s
3085/3618 checked; 5 running; 1005s
3086/3618 checked; 5 running; 1006s
3087/3618 checked; 5 running; 1006s
3088/3618 checked; 5 running; 1007s
3089/3618 checked; 5 running; 1008s
3090/3618 checked; 5 running; 1008s
3091/3618 checked; 5 running; 1008s
3092/3618 checked; 5 running; 1009s
3093/3618 checked; 5 running; 1009s
3094/3618 checked; 5 running; 1009s
3095/3618 checked; 5 running; 1010s
3096/3618 checked; 5 running; 1011s
3097/3618 checked; 5 running; 1012s
3098/3618 checked; 5 running; 1013s
3099/3618 checked; 5 running; 1013s
3100/3618 checked; 5 running; 1013s
3101/3618 checked; 5 running; 1014s
3102/3618 checked; 5 running; 1015s
3103/3618 checked; 5 running; 1016s
3104/3618 checked; 5 running; 1016s
3105/3618 checked; 5 running; 1017s
3106/3618 checked; 5 running; 1018s
3107/3618 checked; 5 running; 1018s
3108/3618 checked; 5 running; 1019s
3109/3618 checked; 5 running; 1019s
3110/3618 checked; 5 running; 1021s
3111/3618 checked; 5 running; 1021s
3112/3618 checked; 5 running; 1022s
3113/3618 checked; 5 running; 1023s
3114/3618 checked; 5 running; 1024s
3115/3618 checked; 5 running; 1024s
3116/3618 checked; 5 running; 1026s
3117/3618 checked; 5 running; 1026s
3118/3618 checked; 5 running; 1028s
3119/3618 checked; 5 running; 1029s
3120/3618 checked; 5 running; 1029s
3121/3618 checked; 5 running; 1030s
3122/3618 checked; 5 running; 1030s
3123/3618 checked; 5 running; 1031s
3124/3618 checked; 5 running; 1033s
3125/3618 checked; 5 running; 1034s
3126/3618 checked; 5 running; 1034s
3127/3618 checked; 5 running; 1034s
3128/3618 checked; 5 running; 1035s
3129/3618 checked; 5 running; 1036s
3130/3618 checked; 5 running; 1036s
3131/3618 checked; 5 running; 1036s
3132/3618 checked; 5 running; 1038s
3133/3618 checked; 5 running; 1038s
3134/3618 checked; 4 running; 1038s
3135/3618 checked; 4 running; 1039s
3136/3618 checked; 3 running; 1039s
3137/3618 checked; 2 running; 1039s
3138/3618 checked; 3 running; 1040s
3139/3618 checked; 3 running; 1041s
FAIL Mathlib.Analysis.CStarAlgebra.ContinuousFunctionalCalculus.Unique: see logs/source/Mathlib.Analysis.CStarAlgebra.ContinuousFunctionalCalculus.Unique.log
3139/3618 checked; 2 running; 1045s
3140/3618 checked; 1 running; 1045s
3141/3618 checked; 0 running; 1047s
3142/3618 checked; 1 running; 1049s
3143/3618 checked; 0 running; 1054s
3144/3618 checked; 3 running; 1055s
3145/3618 checked; 2 running; 1056s
3146/3618 checked; 1 running; 1058s
3147/3618 checked; 2 running; 1059s
3148/3618 checked; 3 running; 1060s
3149/3618 checked; 3 running; 1060s
3150/3618 checked; 3 running; 1061s
3151/3618 checked; 2 running; 1063s
3152/3618 checked; 2 running; 1063s
3153/3618 checked; 1 running; 1064s
3154/3618 checked; 1 running; 1065s
3155/3618 checked; 2 running; 1066s
3156/3618 checked; 2 running; 1068s
3157/3618 checked; 1 running; 1070s
3158/3618 checked; 5 running; 1071s
3159/3618 checked; 4 running; 1071s
3160/3618 checked; 3 running; 1071s
3161/3618 checked; 2 running; 1072s
3162/3618 checked; 1 running; 1072s
3163/3618 checked; 0 running; 1073s
3164/3618 checked; 0 running; 1075s
3165/3618 checked; 0 running; 1080s
448 blocked modules
{"roots": ["OAI.NumberTheory.DirichletL.Supremum", "Mathlib.NumberTheory.LSeries.DirichletContinuation"], "closure": 3618, "checked": 3165, "failed": ["Mathlib.LinearAlgebra.TensorProduct.Quotient", "Mathlib.RingTheory.TensorProduct.Maps", "OAI.NumberTheory.DirichletL.Supremum", "Mathlib.Analysis.Normed.Operator.Bilinear", "Mathlib.Analysis.CStarAlgebra.ContinuousFunctionalCalculus.Unique"], "seconds": 1080.1956112384796, "jobs": 6, "success": false}
