warning: lean4export: repository '/work/qrh-bounds/.work/comparator/.lake/packages/lean4export' has local changes
✔ [4/21] Built Comparator.Util (2.7s)
✔ [5/21] Built Comparator.Util:c.o (334ms)
✔ [6/21] Built Export.Parse (3.4s)
✔ [7/21] Built Comparator.Axioms (468ms)
✔ [8/21] Built Comparator.Axioms:c.o (212ms)
✔ [9/21] Built Comparator.Compare (439ms)
✔ [10/21] Built Comparator (301ms)
✔ [11/21] Built Comparator.Compare:c.o (283ms)
✔ [12/21] Built Comparator:c.o (60ms)
✔ [13/21] Built Export.Parse:c.o (2.1s)
✔ [14/21] Built Main (1.8s)
✔ [15/21] Built Export (6.9s)
✔ [16/21] Built Main:c.o (595ms)
✔ [17/21] Built Main (991ms)
✔ [18/21] Built Main:c.o (147ms)
✔ [19/21] Built Export:c.o (1.6s)
✔ [20/21] Built comparator:exe (1.7s)
✔ [21/21] Built lean4export:exe (957ms)
Build completed successfully (21 jobs).
