warning: rellich-kondrachov: repository '/work/qrh-proof/pristine/.lake/packages/rellich-kondrachov' has local changes
warning: PrimeNumberTheoremAnd: repository '/work/qrh-proof/pristine/.lake/packages/PrimeNumberTheoremAnd' has local changes
✔ [4097/4402] Built OAI.NumberTheory.DirichletL.Supremum (1.3s)
✔ [4098/4402] Built OAI.NumberTheory.DirichletL.FiniteFourier (1.0s)
✔ [4099/4402] Built OAI.NumberTheory.DirichletL.Continuation (2.1s)
✔ [4100/4402] Built OAI.NumberTheory.DirichletL.Arithmetic.EisensteinCoordinates (4.0s)
✔ [4101/4402] Built OAI.NumberTheory.DirichletL.FiniteConductor (2.3s)
✔ [4102/4402] Built OAI.NumberTheory.DirichletL.ThetaProduct (4.7s)
✔ [4103/4402] Built OAI.NumberTheory.DirichletL.CharacterTransport (2.0s)
✔ [4104/4402] Built OAI.NumberTheory.DirichletL.ConductorBounds (3.3s)
✔ [4105/4402] Built OAI.NumberTheory.DirichletL.Mellin.ExponentialSmoothing (4.0s)
✔ [4106/4402] Built OAI.NumberTheory.DirichletL.EisensteinTheta (3.3s)
✔ [4107/4402] Built OAI.NumberTheory.DirichletL.Arithmetic.EisensteinIdeals (4.2s)
✔ [4108/4402] Built OAI.NumberTheory.DirichletL.GaussSum.ChineseRemainder (4.8s)
✔ [4109/4402] Built OAI.NumberTheory.DirichletL.ConductorPresentation (2.6s)
✔ [4110/4402] Built OAI.NumberTheory.DirichletL.LatticeSummability (2.6s)
✔ [4111/4402] Built OAI.NumberTheory.DirichletL.Hecke.Theta (4.3s)
✔ [4112/4402] Built OAI.NumberTheory.DirichletL.ResidueCharacter (3.3s)
✔ [4113/4402] Built OAI.NumberTheory.DirichletL.Hecke.ThetaSeries (2.5s)
✔ [4114/4402] Built OAI.NumberTheory.DirichletL.Hecke.Family (2.8s)
✔ [4115/4402] Built OAI.NumberTheory.DirichletL.Mellin.LogProfiles (8.1s)
✔ [4116/4402] Built OAI.NumberTheory.DirichletL.IdealCharacter (2.6s)
✔ [4117/4402] Built OAI.NumberTheory.DirichletL.Hecke.FamilySeries (2.9s)
✔ [4118/4402] Built OAI.NumberTheory.DirichletL.Hecke.Coordinates (3.2s)
✔ [4119/4402] Built OAI.NumberTheory.DirichletL.ChineseRemainder.AdditiveCharacters (4.1s)
✔ [4120/4402] Built OAI.NumberTheory.DirichletL.Hecke.CharacterAnalytic (2.7s)
✔ [4121/4402] Built OAI.NumberTheory.DirichletL.GaussSum.FiniteFourier (5.1s)
✔ [4122/4402] Built OAI.NumberTheory.DirichletL.Arithmetic.EisensteinEmbedding (3.0s)
✔ [4123/4402] Built OAI.NumberTheory.DirichletL.Cusp.MatrixPhases (5.7s)
✔ [4124/4402] Built OAI.NumberTheory.DirichletL.Fourier.PositiveLogProfiles (5.2s)
✔ [4125/4402] Built OAI.NumberTheory.DirichletL.GaussSum.CubicNormalization (3.5s)
✔ [4126/4402] Built OAI.NumberTheory.DirichletL.GaussSum.SexticNormalization (3.2s)
✔ [4127/4402] Built OAI.NumberTheory.DirichletL.GaussSum.LocalProductAssembly (3.2s)
✔ [4128/4402] Built OAI.NumberTheory.DirichletL.GaussSum.RamifiedTracePhase (3.0s)
✔ [4129/4402] Built OAI.NumberTheory.DirichletL.Arithmetic.LatticeCount (3.8s)
✔ [4130/4402] Built OAI.NumberTheory.DirichletL.GaussSum.QuadraticTrace (2.8s)
✔ [4131/4402] Built OAI.NumberTheory.DirichletL.GaussSum.QuadraticNormalization (6.6s)
✔ [4132/4402] Built OAI.NumberTheory.DirichletL.Poisson.BinaryGaussian (6.5s)
✔ [4133/4402] Built OAI.NumberTheory.DirichletL.GaussSum.GaussianDualLimit (4.7s)
✔ [4134/4402] Built OAI.NumberTheory.DirichletL.GaussSum.GaussianFiberMass (5.1s)
✔ [4135/4402] Built OAI.NumberTheory.DirichletL.Poisson.GaussianMoments (2.9s)
✔ [4136/4402] Built OAI.NumberTheory.DirichletL.Poisson.OscillatoryGaussian (2.7s)
✔ [4137/4402] Built OAI.NumberTheory.DirichletL.PrimeRows.RationalApproximation (3.8s)
✔ [4138/4402] Built OAI.NumberTheory.DirichletL.GaussSum.AbelPhaseLimit (4.8s)
✔ [4139/4402] Built OAI.NumberTheory.DirichletL.GaussSum.ThetaLocalRows (5.6s)
✔ [4140/4402] Built OAI.NumberTheory.DirichletL.Mellin.LocalNonvanishing (2.8s)
✔ [4141/4402] Built OAI.NumberTheory.DirichletL.Arithmetic.NormFiberMellin (3.1s)
✔ [4142/4402] Built OAI.NumberTheory.DirichletL.Hecke.NormFiberCharacters (2.9s)
✔ [4143/4402] Built OAI.NumberTheory.DirichletL.Hecke.LocalEulerIdentities (3.2s)
✔ [4144/4402] Built OAI.NumberTheory.DirichletL.Hecke.PrimeExtraction (2.7s)
✔ [4145/4402] Built OAI.NumberTheory.DirichletL.Mellin.FiniteEulerRestoration (3.4s)
✔ [4146/4402] Built OAI.NumberTheory.DirichletL.PrimeRows.NormFiberExtraction (3.5s)
✔ [4147/4402] Built OAI.NumberTheory.DirichletL.Hecke.FiniteEulerFactors (4.6s)
✔ [4148/4402] Built OAI.NumberTheory.DirichletL.GaussSum.SecondPoissonScale (6.2s)
✔ [4149/4402] Built OAI.NumberTheory.DirichletL.Mellin.CompactScale (4.1s)
✔ [4150/4402] Built OAI.NumberTheory.DirichletL.Poisson.EisensteinLattice (3.0s)
✔ [4151/4402] Built OAI.NumberTheory.DirichletL.Mellin.CompactWeights (3.3s)
✔ [4152/4402] Built OAI.NumberTheory.DirichletL.GaussSum.SexticRadialPoisson (3.8s)
✔ [4153/4402] Built OAI.NumberTheory.DirichletL.PrimeRows.IdealGenerators (3.5s)
✔ [4154/4402] Built OAI.NumberTheory.DirichletL.Poisson.RadialFourier (4.4s)
✔ [4155/4402] Built OAI.NumberTheory.DirichletL.PrimeRows.ActiveGaussFactorization (3.5s)
✔ [4156/4402] Built OAI.NumberTheory.DirichletL.GaussSum.ActiveConductor (3.6s)
✔ [4157/4402] Built OAI.NumberTheory.DirichletL.GaussSum.CubicTrace (5.3s)
✔ [4158/4402] Built OAI.NumberTheory.DirichletL.GaussSum.SquarePhaseFactorization (3.6s)
✔ [4159/4402] Built OAI.NumberTheory.DirichletL.GaussSum.MixedConversion (4.4s)
✔ [4160/4402] Built OAI.NumberTheory.DirichletL.QuadraticSieve.CrossSeparation (2.9s)
✔ [4161/4402] Built OAI.NumberTheory.DirichletL.Arithmetic.IdealMobius (3.1s)
✔ [4162/4402] Built OAI.NumberTheory.DirichletL.Reciprocity.CubicJacobi (4.3s)
✔ [4163/4402] Built OAI.NumberTheory.DirichletL.GaussSum.CompletedExpansion (6.2s)
✔ [4164/4402] Built OAI.NumberTheory.DirichletL.GaussSum.RayCharacters (3.5s)
✔ [4165/4402] Built OAI.NumberTheory.DirichletL.QuadraticSieve.CoefficientCancellation (3.5s)
✔ [4166/4402] Built OAI.NumberTheory.DirichletL.QuadraticSieve.InitialBound (5.1s)
✔ [4167/4402] Built OAI.NumberTheory.DirichletL.Mellin.ReflectedKernel (3.1s)
✔ [4168/4402] Built OAI.NumberTheory.DirichletL.Arithmetic.SquarefreeDivisors (3.2s)
✔ [4169/4402] Built OAI.NumberTheory.DirichletL.QuadraticSieve.FiniteOperator (4.7s)
✔ [4170/4402] Built OAI.NumberTheory.DirichletL.CubicSieve.CubeLabels (5.7s)
✔ [4171/4402] Built OAI.NumberTheory.DirichletL.QuadraticSieve.MainTermDifference (3.7s)
✔ [4172/4402] Built OAI.NumberTheory.DirichletL.Mellin.InverseContour (3.9s)
✔ [4173/4402] Built OAI.NumberTheory.DirichletL.Mellin.UniformKernelBounds (3.8s)
✔ [4174/4402] Built OAI.NumberTheory.DirichletL.CubicSieve.CrossFactorization (3.7s)
✔ [4175/4402] Built OAI.NumberTheory.DirichletL.QuadraticSieve.CoprimeBilinearBound (4.8s)
✔ [4176/4402] Built OAI.NumberTheory.DirichletL.CubicSieve.LocalBrackets (4.9s)
✔ [4177/4402] Built OAI.NumberTheory.DirichletL.CubicSieve.RayExpansion (4.0s)
✔ [4178/4402] Built OAI.NumberTheory.DirichletL.GaussSum.ReflectionBrackets (7.4s)
✔ [4179/4402] Built OAI.NumberTheory.DirichletL.QuadraticSieve.IdealQuotients (4.1s)
✔ [4180/4402] Built OAI.NumberTheory.DirichletL.Reciprocity.RamifiedSymbol (7.4s)
✔ [4181/4402] Built OAI.NumberTheory.DirichletL.CubicSieve.KernelEnergy (4.3s)
✔ [4182/4402] Built OAI.NumberTheory.DirichletL.QuadraticSieve.DivisorBlocks (4.5s)
✔ [4183/4402] Built OAI.NumberTheory.DirichletL.Poisson.QuadraticProfiles (3.0s)
✔ [4184/4402] Built OAI.NumberTheory.DirichletL.CubicSieve.FirstPassage (3.7s)
✔ [4185/4402] Built OAI.NumberTheory.DirichletL.CubicSieve.RayCoefficients (3.4s)
✔ [4186/4402] Built OAI.NumberTheory.DirichletL.CubicSieve.SecondPoisson (4.1s)
✔ [4187/4402] Built OAI.NumberTheory.DirichletL.Eisenstein.Rows (8.8s)
✔ [4188/4402] Built OAI.NumberTheory.DirichletL.Eisenstein.HyperbolicSpace (4.9s)
✔ [4189/4402] Built OAI.NumberTheory.DirichletL.Eisenstein.PrimitiveRows (5.0s)
✔ [4190/4402] Built OAI.NumberTheory.DirichletL.Poisson.PrincipalTruncation (6.2s)
✔ [4191/4402] Built OAI.NumberTheory.DirichletL.Fourier.FrequencyTwists (3.7s)
✔ [4192/4402] Built OAI.NumberTheory.DirichletL.CubicSieve.ChildTransfer (3.8s)
✔ [4193/4402] Built OAI.NumberTheory.DirichletL.CubicSieve.IntegratedTransfer (3.0s)
✔ [4194/4402] Built OAI.NumberTheory.DirichletL.Fourier.TupleWeights (4.1s)
✔ [4195/4402] Built OAI.NumberTheory.DirichletL.CubicSieve.RowMajorants (4.8s)
✔ [4196/4402] Built OAI.NumberTheory.DirichletL.Eisenstein.FourierCoefficients (3.9s)
✔ [4197/4402] Built OAI.NumberTheory.DirichletL.QuadraticSieve.GcdReduction (5.8s)
✔ [4198/4402] Built OAI.NumberTheory.DirichletL.QuadraticSieve.PrimePools (5.4s)
✔ [4199/4402] Built OAI.NumberTheory.DirichletL.QuadraticSieve.AnnularRecursion (8.2s)
✔ [4200/4402] Built OAI.NumberTheory.DirichletL.CubicSieve.FrequencyBlocks (4.2s)
✔ [4201/4402] Built OAI.NumberTheory.DirichletL.CubicSieve.FixedProfiles (3.5s)
✔ [4202/4402] Built OAI.NumberTheory.DirichletL.Eisenstein.ConstantTermSupport (3.1s)
✔ [4203/4402] Built OAI.NumberTheory.DirichletL.QuadraticSieve.SquareParts (3.6s)
✔ [4204/4402] Built OAI.NumberTheory.DirichletL.CubicSieve.ResidualSectors (7.3s)
✔ [4205/4402] Built OAI.NumberTheory.DirichletL.QuadraticSieve.UnrestrictedCharacters (9.2s)
✔ [4206/4402] Built OAI.NumberTheory.DirichletL.CubicSieve.ConjugateProfiles (4.1s)
✔ [4207/4402] Built OAI.NumberTheory.DirichletL.Eisenstein.RamifiedNormWeights (7.3s)
✔ [4208/4402] Built OAI.NumberTheory.DirichletL.QuadraticSieve.PrincipalTruncation (3.3s)
✔ [4209/4402] Built OAI.NumberTheory.DirichletL.CubicSieve.FrequencyCutoffs (3.5s)
✔ [4210/4402] Built OAI.NumberTheory.DirichletL.Eisenstein.ConstantDirichletSeries (3.3s)
✔ [4211/4402] Built OAI.NumberTheory.DirichletL.QuadraticSieve.DyadicColumns (4.0s)
✔ [4212/4402] Built OAI.NumberTheory.DirichletL.QuadraticSieve.TruncatedSecondTransfer (3.0s)
✔ [4213/4402] Built OAI.NumberTheory.DirichletL.Fourier.LogDensity (3.8s)
✔ [4214/4402] Built OAI.NumberTheory.DirichletL.CubicSieve.TwistedProfiles (4.3s)
✔ [4215/4402] Built OAI.NumberTheory.DirichletL.CubicSieve.FirstCoreCutoff (4.4s)
✔ [4216/4402] Built OAI.NumberTheory.DirichletL.QuadraticSieve.PrincipalDifference (4.7s)
✔ [4217/4402] Built OAI.NumberTheory.DirichletL.QuadraticSieve.SpatialDerivatives (6.9s)
✔ [4218/4402] Built OAI.NumberTheory.DirichletL.Eisenstein.SmoothSummands (4.2s)
✔ [4219/4402] Built OAI.NumberTheory.DirichletL.Poisson.LatticeEnvelopes (4.9s)
✔ [4220/4402] Built OAI.NumberTheory.DirichletL.CubicSieve.SupportNorms (3.9s)
✔ [4221/4402] Built OAI.NumberTheory.DirichletL.QuadraticSieve.MiddleWindows (3.8s)
✔ [4222/4402] Built OAI.NumberTheory.DirichletL.QuadraticSieve.GreenIntegrals (4.8s)
✔ [4223/4402] Built OAI.NumberTheory.DirichletL.Eisenstein.GreenIdentity (4.6s)
✔ [4224/4402] Built OAI.NumberTheory.DirichletL.CubicSieve.LogarithmicTargets (3.0s)
✔ [4225/4402] Built OAI.NumberTheory.DirichletL.Eisenstein.CuspIntegration (4.2s)
✔ [4226/4402] Built OAI.NumberTheory.DirichletL.Eisenstein.SmoothCuspCutoffs (4.2s)
✔ [4227/4402] Built OAI.NumberTheory.DirichletL.QuadraticSieve.MaskedPrincipalBounds (4.4s)
✔ [4228/4402] Built OAI.NumberTheory.DirichletL.QuadraticSieve.DualMiddleExpansion (5.1s)
✔ [4229/4402] Built OAI.NumberTheory.DirichletL.Eisenstein.SeedDefects (4.6s)
✔ [4230/4402] Built OAI.NumberTheory.DirichletL.QuadraticSieve.LogarithmicSectors (4.9s)
✔ [4231/4402] Built OAI.NumberTheory.DirichletL.CubicSieve.GlobalEncoding (4.0s)
✔ [4232/4402] Built OAI.NumberTheory.DirichletL.CubicSieve.SquarefreeTransfer (4.9s)
✔ [4233/4402] Built OAI.NumberTheory.DirichletL.CubicSieve.PrincipalNormalization (3.9s)
✔ [4234/4402] Built OAI.NumberTheory.DirichletL.QuadraticSieve.PrincipalMajorants (4.8s)
✔ [4235/4402] Built OAI.NumberTheory.DirichletL.QuadraticSieve.RetainedDualBounds (10s)
✔ [4236/4402] Built OAI.NumberTheory.DirichletL.CubicSieve.PrincipalDensity (4.5s)
✔ [4237/4402] Built OAI.NumberTheory.DirichletL.QuadraticSieve.HighKernelGeometry (8.2s)
✔ [4238/4402] Built OAI.NumberTheory.DirichletL.QuadraticSieve.CuspCoercivity (4.3s)
✔ [4239/4402] Built OAI.NumberTheory.DirichletL.QuadraticSieve.CommonMasks (3.4s)
✔ [4240/4402] Built OAI.NumberTheory.DirichletL.Eisenstein.QuotientTopology (5.4s)
✔ [4241/4402] Built OAI.NumberTheory.DirichletL.CubicSieve.ScaleCaps (6.0s)
✔ [4242/4402] Built OAI.NumberTheory.DirichletL.QuadraticSieve.PoissonComparison (8.9s)
✔ [4243/4402] Built OAI.NumberTheory.DirichletL.CubicSieve.ArithmeticBins (4.3s)
✔ [4244/4402] Built OAI.NumberTheory.DirichletL.Eisenstein.HyperbolicVolume (4.0s)
✔ [4245/4402] Built OAI.NumberTheory.DirichletL.CubicSieve.UniformTransfer (5.1s)
✔ [4246/4402] Built OAI.NumberTheory.DirichletL.QuadraticSieve.GlobalBinLoss (8.2s)
✔ [4247/4402] Built OAI.NumberTheory.DirichletL.QuadraticSieve.PoissonConstants (5.7s)
✔ [4248/4402] Built OAI.NumberTheory.DirichletL.Eisenstein.FundamentalDomain (8.0s)
✔ [4249/4402] Built OAI.NumberTheory.DirichletL.GaussSum.GlobalScales (5.0s)
✔ [4250/4402] Built OAI.NumberTheory.DirichletL.QuadraticSieve.AnnularLifting (7.6s)
✔ [4251/4402] Built OAI.NumberTheory.DirichletL.QuadraticSieve.SelectedExponents (10s)
✔ [4252/4402] Built OAI.NumberTheory.DirichletL.Eisenstein.CompactProfiles (4.4s)
✔ [4253/4402] Built OAI.NumberTheory.DirichletL.QuadraticSieve.LogarithmicLoss (6.1s)
✔ [4254/4402] Built OAI.NumberTheory.DirichletL.CubicSieve.LiteralSources (4.2s)
✔ [4255/4402] Built OAI.NumberTheory.DirichletL.CubicSieve.PooledRows (3.6s)
✔ [4256/4402] Built OAI.NumberTheory.DirichletL.MeanSquare.TransformedColumns (5.8s)
✔ [4257/4402] Built OAI.NumberTheory.DirichletL.QuadraticSieve.ProductColumns (5.7s)
✔ [4258/4402] Built OAI.NumberTheory.DirichletL.QuadraticSieve.UniformTailBounds (5.0s)
✔ [4259/4402] Built OAI.NumberTheory.DirichletL.CubicSieve.CubeBlocks (3.9s)
✔ [4260/4402] Built OAI.NumberTheory.DirichletL.GaussSum.PowerfulParts (3.0s)
✔ [4261/4402] Built OAI.NumberTheory.DirichletL.MeanSquare.SourceTransfer (5.3s)
✔ [4262/4402] Built OAI.NumberTheory.DirichletL.MeanSquare.LogarithmicBins (3.7s)
✔ [4263/4402] Built OAI.NumberTheory.DirichletL.CubicSieve.RowCaps (3.4s)
✔ [4264/4402] Built OAI.NumberTheory.DirichletL.Eisenstein.SmoothTests (3.6s)
✔ [4265/4402] Built OAI.NumberTheory.DirichletL.CubicSieve.DivisorTargets (5.0s)
✔ [4266/4402] Built OAI.NumberTheory.DirichletL.CubicSieve.NormalizedMass (4.1s)
✔ [4267/4402] Built OAI.NumberTheory.DirichletL.GaussSum.ReflectedBranches (3.4s)
✔ [4268/4402] Built OAI.NumberTheory.DirichletL.Eisenstein.CuspHeight (3.8s)
✔ [4269/4402] Built OAI.NumberTheory.DirichletL.Eisenstein.DirichletForm (4.7s)
✔ [4270/4402] Built OAI.NumberTheory.DirichletL.MeanSquare.InputEnergy (3.8s)
✔ [4271/4402] Built OAI.NumberTheory.DirichletL.MeanSquare.OutsideIdeals (2.6s)
✔ [4272/4402] Built OAI.NumberTheory.DirichletL.CubicSieve.QuantitativePassage (4.2s)
✔ [4273/4402] Built OAI.NumberTheory.DirichletL.MeanSquare.PoissonSource (4.0s)
✔ [4274/4402] Built OAI.NumberTheory.DirichletL.CubicSieve.RadialWindows (4.4s)
✔ [4275/4402] Built OAI.NumberTheory.DirichletL.CubicSieve.DyadicKernel (5.5s)
✔ [4276/4402] Built OAI.NumberTheory.DirichletL.MeanSquare.ReflectedDyadicSeries (4.2s)
✔ [4277/4402] Built OAI.NumberTheory.DirichletL.GaussSum.BranchScaling (4.4s)
✔ [4278/4402] Built OAI.NumberTheory.DirichletL.Eisenstein.LocalCutoffs (4.5s)
✔ [4279/4402] Built OAI.NumberTheory.DirichletL.MeanSquare.HarmonicAggregation (4.5s)
✔ [4280/4402] Built OAI.NumberTheory.DirichletL.GaussSum.CompletedDyadicRows (5.4s)
✔ [4281/4402] Built OAI.NumberTheory.DirichletL.CubicSieve.PaddedPassage (5.0s)
✔ [4282/4402] Built OAI.NumberTheory.DirichletL.MeanSquare.DiagonalDensity (5.3s)
✔ [4283/4402] Built OAI.NumberTheory.DirichletL.Eisenstein.VariationalLaplacian (5.5s)
✔ [4284/4402] Built OAI.NumberTheory.DirichletL.MeanSquare.HighRadialBounds (3.8s)
✔ [4285/4402] Built OAI.NumberTheory.DirichletL.MeanSquare.SourceRemainders (3.8s)
✔ [4286/4402] Built OAI.NumberTheory.DirichletL.CubicSieve.DualZeroMode (5.3s)
✔ [4287/4402] Built OAI.NumberTheory.DirichletL.MeanSquare.CanonicalDensity (3.9s)
✔ [4288/4402] Built OAI.NumberTheory.DirichletL.MeanSquare.RetainedDensity (4.0s)
✔ [4289/4402] Built OAI.NumberTheory.DirichletL.MeanSquare.CanonicalTailBounds (4.6s)
✔ [4290/4402] Built OAI.NumberTheory.DirichletL.CubicSieve.ReopenedFibers (6.4s)
✔ [4291/4402] Built OAI.NumberTheory.DirichletL.CubicSieve.ReopeningSeparation (4.4s)
✔ [4292/4402] Built OAI.NumberTheory.DirichletL.Eisenstein.CompactEnergyFamilies (6.6s)
✔ [4293/4402] Built OAI.NumberTheory.DirichletL.RowCompletion.SupportBounds (4.1s)
✔ [4294/4402] Built OAI.NumberTheory.DirichletL.CubicSieve.RadialProfiles (6.4s)
✔ [4295/4402] Built OAI.NumberTheory.DirichletL.CubicSieve.LogSeparation (6.0s)
✔ [4296/4402] Built OAI.NumberTheory.DirichletL.CubicSieve.CanonicalLogEnergy (3.0s)
✔ [4297/4402] Built OAI.NumberTheory.DirichletL.RowCompletion.PolynomialHeight (5.2s)
✔ [4298/4402] Built OAI.NumberTheory.DirichletL.Eisenstein.CoordinateLaplacian (3.3s)
✔ [4299/4402] Built OAI.NumberTheory.DirichletL.MeanSquare.PolynomialHeight (5.2s)
✔ [4300/4402] Built OAI.NumberTheory.DirichletL.CubicSieve.DensityBudgets (4.0s)
✔ [4301/4402] Built OAI.NumberTheory.DirichletL.CubicSieve.RankMargins (4.7s)
✔ [4302/4402] Built OAI.NumberTheory.DirichletL.MeanSquare.UniformPolynomialHeight (4.8s)
✔ [4303/4402] Built OAI.NumberTheory.DirichletL.MeanSquare.UnitRows (3.8s)
✔ [4304/4402] Built OAI.NumberTheory.DirichletL.Eisenstein.BarrierPotential (4.1s)
✔ [4305/4402] Built OAI.NumberTheory.DirichletL.CubicSieve.CutoffOrders (4.5s)
✔ [4306/4402] Built OAI.NumberTheory.DirichletL.CubicSieve.ReopeningBounds (4.7s)
✔ [4307/4402] Built OAI.NumberTheory.DirichletL.CubicSieve.ClosedRecursion (5.4s)
✔ [4308/4402] Built OAI.NumberTheory.DirichletL.Eisenstein.FredholmAlternative (6.3s)
✔ [4309/4402] Built OAI.NumberTheory.DirichletL.Eisenstein.UnitNormalization (6.1s)
✔ [4310/4402] Built OAI.NumberTheory.DirichletL.RowCompletion.CompletedEnergy (5.3s)
✔ [4311/4402] Built OAI.NumberTheory.DirichletL.RowCompletion.CubicReopening (5.9s)
✔ [4312/4402] Built OAI.NumberTheory.DirichletL.Eisenstein.MeromorphicResolvent (14s)
✔ [4313/4402] Built OAI.NumberTheory.DirichletL.Eisenstein.SeedHeight (3.6s)
✔ [4314/4402] Built OAI.NumberTheory.DirichletL.RowCompletion.DensityTransfer (6.0s)
✔ [4315/4402] Built OAI.NumberTheory.DirichletL.Eisenstein.CuspResidues (4.7s)
✔ [4316/4402] Built OAI.NumberTheory.DirichletL.RowCompletion.InitialDensity (5.3s)
✔ [4317/4402] Built OAI.NumberTheory.DirichletL.MeanSquare.ThetaDensity (3.5s)
✔ [4318/4402] Built OAI.NumberTheory.DirichletL.Mellin.SixthPowerAverage (4.5s)
✔ [4319/4402] Built OAI.NumberTheory.DirichletL.Hecke.MobiusEulerCorrection (5.2s)
✔ [4320/4402] Built OAI.NumberTheory.DirichletL.RowCompletion.ThetaNonvanishing (4.0s)
✔ [4321/4402] Built OAI.NumberTheory.DirichletL.Eisenstein.CutoffApproximation (4.7s)
✔ [4322/4402] Built OAI.NumberTheory.DirichletL.Eisenstein.ConjugateLevelAction (13s)
✔ [4323/4402] Built OAI.NumberTheory.DirichletL.Eisenstein.ScatteringCoefficients (4.4s)
✔ [4324/4402] Built OAI.NumberTheory.DirichletL.Eisenstein.WhittakerContinuation (4.3s)
✔ [4325/4402] Built OAI.NumberTheory.DirichletL.Reciprocity.KubotaCharacter (3.9s)
✔ [4326/4402] Built OAI.NumberTheory.DirichletL.Eisenstein.GaussFactorization (7.6s)
✔ [4327/4402] Built OAI.NumberTheory.DirichletL.Eisenstein.ResidualFourierBounds (5.9s)
✔ [4328/4402] Built OAI.NumberTheory.DirichletL.Eisenstein.RamifiedGaussSeries (9.6s)
✔ [4329/4402] Built OAI.NumberTheory.DirichletL.Eisenstein.ResidualFourierSeries (4.6s)
✔ [4330/4402] Built OAI.NumberTheory.DirichletL.Eisenstein.SourceProjection (4.8s)
✔ [4331/4402] Built OAI.NumberTheory.DirichletL.Eisenstein.SourceQuotient (4.6s)
✔ [4332/4402] Built OAI.NumberTheory.DirichletL.Eisenstein.ScatteringResidues (8.6s)
✔ [4333/4402] Built OAI.NumberTheory.DirichletL.Eisenstein.OppositeCusp (8.0s)
✔ [4334/4402] Built OAI.NumberTheory.DirichletL.Eisenstein.ResidualFourierExpansion (3.6s)
✔ [4335/4402] Built OAI.NumberTheory.DirichletL.Eisenstein.RationalTranslations (4.9s)
✔ [4336/4402] Built OAI.NumberTheory.DirichletL.Eisenstein.ArbitraryCuspPullback (7.3s)
✔ [4337/4402] Built OAI.NumberTheory.DirichletL.Eisenstein.CuspAverage (4.3s)
✔ [4338/4402] Built OAI.NumberTheory.DirichletL.Eisenstein.CuspDilation (5.6s)
✔ [4339/4402] Built OAI.NumberTheory.DirichletL.Eisenstein.TranslatedFourierResidues (4.9s)
✔ [4340/4402] Built OAI.NumberTheory.DirichletL.Eisenstein.BesselMellinTransform (4.9s)
✔ [4341/4402] Built OAI.NumberTheory.DirichletL.Mellin.VerticalContourShift (4.3s)
✔ [4342/4402] Built OAI.NumberTheory.DirichletL.Eisenstein.ResidualCuspDecay (8.7s)
✔ [4343/4402] Built OAI.NumberTheory.DirichletL.Eisenstein.PrimePowerGaussSums (8.3s)
✔ [4344/4402] Built OAI.NumberTheory.DirichletL.Eisenstein.SourceBesselExpansion (4.9s)
✔ [4345/4402] Built OAI.NumberTheory.DirichletL.Eisenstein.BesselDerivatives (6.3s)
✔ [4346/4402] Built OAI.NumberTheory.DirichletL.Eisenstein.InverseCuspCoordinates (4.4s)
✔ [4347/4402] Built OAI.NumberTheory.DirichletL.Eisenstein.ReflectedCuspMellin (4.3s)
✔ [4348/4402] Built OAI.NumberTheory.DirichletL.Reciprocity.CubeCorrespondence (5.0s)
✔ [4349/4402] Built OAI.NumberTheory.DirichletL.Eisenstein.ConjugateCuspProfiles (4.4s)
✔ [4350/4402] Built OAI.NumberTheory.DirichletL.Cusp.ResiduesModThree (8.2s)
✔ [4351/4402] Built OAI.NumberTheory.DirichletL.Reciprocity.PrimaryCongruences (5.4s)
✔ [4352/4402] Built OAI.NumberTheory.DirichletL.Eisenstein.CubeResidueStrata (6.1s)
✔ [4353/4402] Built OAI.NumberTheory.DirichletL.Reciprocity.RamifiedCuspPhases (5.7s)
✔ [4354/4402] Built OAI.NumberTheory.DirichletL.Eisenstein.AffineCuspFourier (6.2s)
✔ [4355/4402] Built OAI.NumberTheory.DirichletL.Eisenstein.IntegralCover (5.4s)
✔ [4356/4402] Built OAI.NumberTheory.DirichletL.Eisenstein.CoverTrace (4.0s)
✔ [4357/4402] Built OAI.NumberTheory.DirichletL.Eisenstein.CubeCuspAverage (5.8s)
✔ [4358/4402] Built OAI.NumberTheory.DirichletL.Eisenstein.InverseCorrespondence (4.9s)
✔ [4359/4402] Built OAI.NumberTheory.DirichletL.Eisenstein.CorrespondenceTests (5.0s)
✔ [4360/4402] Built OAI.NumberTheory.DirichletL.Eisenstein.CorrespondencePullback (5.1s)
✔ [4361/4402] Built OAI.NumberTheory.DirichletL.Eisenstein.RamifiedSixBranches (6.5s)
✔ [4362/4402] Built OAI.NumberTheory.DirichletL.Eisenstein.CorrespondenceAdjoint (5.6s)
✔ [4363/4402] Built OAI.NumberTheory.DirichletL.Eisenstein.CorrespondenceEnergy (5.3s)
✔ [4364/4402] Built OAI.NumberTheory.DirichletL.Eisenstein.CubeEigenrelation (5.1s)
✔ [4365/4402] Built OAI.NumberTheory.DirichletL.Eisenstein.ResidualOrthogonality (5.0s)
✔ [4366/4402] Built OAI.NumberTheory.DirichletL.Eisenstein.PrimeRecurrence (4.9s)
✔ [4367/4402] Built OAI.NumberTheory.DirichletL.Eisenstein.PrimeGaussFactors (4.7s)
✔ [4368/4402] Built OAI.NumberTheory.DirichletL.Eisenstein.SquarefreeCoefficients (4.6s)
✔ [4369/4402] Built OAI.NumberTheory.DirichletL.Eisenstein.SourceMellinInversion (4.6s)
✔ [4370/4402] Built OAI.NumberTheory.DirichletL.GaussSum.BesselReflection (4.7s)
✔ [4371/4402] Built OAI.NumberTheory.DirichletL.GaussSum.DualKernelSummability (5.7s)
✔ [4372/4402] Built OAI.NumberTheory.DirichletL.GaussSum.MellinSupport (4.8s)
✔ [4373/4402] Built OAI.NumberTheory.DirichletL.GaussSum.FiniteTranslations (4.7s)
✔ [4374/4402] Built OAI.NumberTheory.DirichletL.Eisenstein.RamifiedTransform (5.0s)
✔ [4375/4402] Built OAI.NumberTheory.DirichletL.Eisenstein.EntireMellinProfile (5.5s)
✔ [4376/4402] Built OAI.NumberTheory.DirichletL.Eisenstein.RamifiedValuation (5.6s)
✔ [4377/4402] Built OAI.NumberTheory.DirichletL.Eisenstein.SourceCuspKernels (4.1s)
✔ [4378/4402] Built OAI.NumberTheory.DirichletL.Eisenstein.FullFrequencyExpansion (4.8s)
✔ [4379/4402] Built OAI.NumberTheory.DirichletL.Eisenstein.FixedCuspArrays (5.3s)
✔ [4380/4402] Built OAI.NumberTheory.DirichletL.Cusp.WeylRepresentatives (5.9s)
✔ [4381/4402] Built OAI.NumberTheory.DirichletL.ChineseRemainder.PrimaryCompletions (4.7s)
✔ [4382/4402] Built OAI.NumberTheory.DirichletL.Cusp.ResiduePhases (5.7s)
✔ [4383/4402] Built OAI.NumberTheory.DirichletL.ChineseRemainder.FrequencyLifts (5.2s)
✔ [4384/4402] Built OAI.NumberTheory.DirichletL.RowCompletion.PeriodicRows (4.2s)
✔ [4385/4402] Built OAI.NumberTheory.DirichletL.GaussSum.ReflectionPool (7.7s)
✔ [4386/4402] Built OAI.NumberTheory.DirichletL.Eisenstein.FixedConductor (5.0s)
✔ [4387/4402] Built OAI.NumberTheory.DirichletL.RowCompletion.FixedCuspBranches (4.0s)
✔ [4388/4402] Built OAI.NumberTheory.DirichletL.Cusp.StaticReflectionPhases (5.5s)
✔ [4389/4402] Built OAI.NumberTheory.DirichletL.Eisenstein.FixedFrequencyExpansion (5.0s)
✔ [4390/4402] Built OAI.NumberTheory.DirichletL.Eisenstein.FixedThetaTwists (5.7s)
✔ [4391/4402] Built OAI.NumberTheory.DirichletL.GaussSum.FixedRayFibers (4.6s)
✔ [4392/4402] Built OAI.NumberTheory.DirichletL.Eisenstein.ReflectionFibers (4.2s)
✔ [4393/4402] Built OAI.NumberTheory.DirichletL.RowCompletion.ControlledPrimeStrata (4.0s)
✔ [4394/4402] Built OAI.NumberTheory.DirichletL.RowCompletion.FreePrimePools (18s)
✔ [4395/4402] Built OAI.NumberTheory.DirichletL.GaussSum.ResidualEquivalence (8.8s)
✔ [4396/4402] Built OAI.NumberTheory.DirichletL.RowCompletion.RowAmplitudes (5.1s)
✔ [4397/4402] Built OAI.NumberTheory.DirichletL.GaussSum.ActiveReindexing (37s)
✔ [4398/4402] Built OAI.NumberTheory.DirichletL.RowCompletion.ReflectedFibers (7.6s)
✔ [4399/4402] Built OAI.NumberTheory.DirichletL.RowCompletion.BranchDecoding (5.5s)
✔ [4400/4402] Built OAI.NumberTheory.DirichletL.RowCompletion.ZeroFreeRegion (2.6s)
✔ [4401/4402] Built OAI.NumberTheory.DirichletL.Foundation (2.1s)
✔ [4402/4402] Built OAI.NumberTheory.DirichletL.Hecke.IdealBridge (2.3s)
Build completed successfully (4402 jobs).
lake build OAI.NumberTheory.DirichletL.Hecke.IdealBridge  2164.18s user 457.70s system 226% cpu 19:17.32 total
EXIT 0
